Archive member included to satisfy reference by file (symbol)

/Users/henrytran/Library/Application Support/Code/User/globalStorage/vexrobotics.vexcode/sdk/cpp/V5/V5_20240802_15_00_00/vexv5/libv5rt.a(v5_startup.c.obj)
                              (vexStartup)
/Users/henrytran/Library/Application Support/Code/User/globalStorage/vexrobotics.vexcode/sdk/cpp/V5/V5_20240802_15_00_00/vexv5/libv5rt.a(v5_util.c.obj)
                              /Users/henrytran/Library/Application Support/Code/User/globalStorage/vexrobotics.vexcode/sdk/cpp/V5/V5_20240802_15_00_00/vexv5/libv5rt.a(v5_startup.c.obj) (vexStdlibVersionLinked)
/Users/henrytran/Library/Application Support/Code/User/globalStorage/vexrobotics.vexcode/sdk/cpp/V5/V5_20240802_15_00_00/vexv5/libv5rt.a(v5_apijump.c.obj)
                              /Users/henrytran/Library/Application Support/Code/User/globalStorage/vexrobotics.vexcode/sdk/cpp/V5/V5_20240802_15_00_00/vexv5/libv5rt.a(v5_startup.c.obj) (vexPrivateApiEnable)
/Users/henrytran/Library/Application Support/Code/User/globalStorage/vexrobotics.vexcode/sdk/cpp/V5/V5_20240802_15_00_00/vexv5/libv5rt.a(v5_apiversions.c.obj)
                              /Users/henrytran/Library/Application Support/Code/User/globalStorage/vexrobotics.vexcode/sdk/cpp/V5/V5_20240802_15_00_00/vexv5/libv5rt.a(v5_apijump.c.obj) (vexSystemVersion)
/Users/henrytran/Library/Application Support/Code/User/globalStorage/vexrobotics.vexcode/sdk/cpp/V5/V5_20240802_15_00_00/vexv5/libv5rt.a(vex_global.cpp.obj)
                              build/src/main.o (vex::wait(double, vex::timeUnits))
/Users/henrytran/Library/Application Support/Code/User/globalStorage/vexrobotics.vexcode/sdk/cpp/V5/V5_20240802_15_00_00/vexv5/libv5rt.a(vex_motor.cpp.obj)
                              build/src/main.o (vex::motor::~motor())
/Users/henrytran/Library/Application Support/Code/User/globalStorage/vexrobotics.vexcode/sdk/cpp/V5/V5_20240802_15_00_00/vexv5/libv5rt.a(vex_imu.cpp.obj)
                              build/src/main.o (vex::inertial::~inertial())
/Users/henrytran/Library/Application Support/Code/User/globalStorage/vexrobotics.vexcode/sdk/cpp/V5/V5_20240802_15_00_00/vexv5/libv5rt.a(vex_rotation.cpp.obj)
                              build/src/main.o (vex::rotation::~rotation())
/Users/henrytran/Library/Application Support/Code/User/globalStorage/vexrobotics.vexcode/sdk/cpp/V5/V5_20240802_15_00_00/vexv5/libv5rt.a(vex_optical.cpp.obj)
                              build/src/main.o (vex::optical::~optical())
/Users/henrytran/Library/Application Support/Code/User/globalStorage/vexrobotics.vexcode/sdk/cpp/V5/V5_20240802_15_00_00/vexv5/libv5rt.a(vex_distance.cpp.obj)
                              build/src/main.o (vex::distance::~distance())
/Users/henrytran/Library/Application Support/Code/User/globalStorage/vexrobotics.vexcode/sdk/cpp/V5/V5_20240802_15_00_00/vexv5/libv5rt.a(vex_controller.cpp.obj)
                              build/src/main.o (vex::controller::~controller())
/Users/henrytran/Library/Application Support/Code/User/globalStorage/vexrobotics.vexcode/sdk/cpp/V5/V5_20240802_15_00_00/vexv5/libv5rt.a(vex_task.cpp.obj)
                              build/src/main.o (vex::task::task(int (*)()))
/Users/henrytran/Library/Application Support/Code/User/globalStorage/vexrobotics.vexcode/sdk/cpp/V5/V5_20240802_15_00_00/vexv5/libv5rt.a(vex_thread.cpp.obj)
                              /Users/henrytran/Library/Application Support/Code/User/globalStorage/vexrobotics.vexcode/sdk/cpp/V5/V5_20240802_15_00_00/vexv5/libv5rt.a(vex_global.cpp.obj) (vex::this_thread::sleep_for(unsigned long))
/Users/henrytran/Library/Application Support/Code/User/globalStorage/vexrobotics.vexcode/sdk/cpp/V5/V5_20240802_15_00_00/vexv5/libv5rt.a(vex_event.cpp.obj)
                              /Users/henrytran/Library/Application Support/Code/User/globalStorage/vexrobotics.vexcode/sdk/cpp/V5/V5_20240802_15_00_00/vexv5/libv5rt.a(vex_imu.cpp.obj) (vex::event::init(unsigned long, unsigned long, void (*)()))
/Users/henrytran/Library/Application Support/Code/User/globalStorage/vexrobotics.vexcode/sdk/cpp/V5/V5_20240802_15_00_00/vexv5/libv5rt.a(vex_mevent.cpp.obj)
                              /Users/henrytran/Library/Application Support/Code/User/globalStorage/vexrobotics.vexcode/sdk/cpp/V5/V5_20240802_15_00_00/vexv5/libv5rt.a(vex_controller.cpp.obj) (vex::mevent::mevent(unsigned long, unsigned long))
/Users/henrytran/Library/Application Support/Code/User/globalStorage/vexrobotics.vexcode/sdk/cpp/V5/V5_20240802_15_00_00/vexv5/libv5rt.a(vex_brain.cpp.obj)
                              build/src/main.o (vex::brain::lcd::setCursor(long, long))
/Users/henrytran/Library/Application Support/Code/User/globalStorage/vexrobotics.vexcode/sdk/cpp/V5/V5_20240802_15_00_00/vexv5/libv5rt.a(vex_competition.cpp.obj)
                              build/src/main.o (vex::competition::competition())
[...]
Memory Configuration

Name             Origin             Length             Attributes
ps7_ddr_0_S_AXI_BASEADDR 0x0000000003800000 0x0000000004800000
*default*        0x0000000000000000 0xffffffffffffffff

Linker script and memory map

                0x0000000000002000                _STACK_SIZE = DEFINED (_STACK_SIZE)?_STACK_SIZE:0x2000
                0x0000000000100000                _HEAP_SIZE = DEFINED (_HEAP_SIZE)?_HEAP_SIZE:0x100000
                0x0000000000000400                _ABORT_STACK_SIZE = DEFINED (_ABORT_STACK_SIZE)?_ABORT_STACK_SIZE:0x400
                0x0000000000000800                _SUPERVISOR_STACK_SIZE = DEFINED (_SUPERVISOR_STACK_SIZE)?_SUPERVISOR_STACK_SIZE:0x800
                0x0000000000000400                _IRQ_STACK_SIZE = DEFINED (_IRQ_STACK_SIZE)?_IRQ_STACK_SIZE:0x400
                0x0000000000000400                _FIQ_STACK_SIZE = DEFINED (_FIQ_STACK_SIZE)?_FIQ_STACK_SIZE:0x400
                0x0000000000000400                _UNDEF_STACK_SIZE = DEFINED (_UNDEF_STACK_SIZE)?_UNDEF_STACK_SIZE:0x400

.text           0x0000000003800000     0x7160
 *(.vectors)
 *(.boot_data)
 .boot_data     0x0000000003800000       0x20 /Users/henrytran/Library/Application Support/Code/User/globalStorage/vexrobotics.vexcode/sdk/cpp/V5/V5_20240802_15_00_00/vexv5/libv5rt.a(v5_startup.c.obj)
                0x0000000003800000                vexCodeSig
                0x0000000000000020                . = 0x20
 *(.boot)
 .boot          0x0000000003800020       0xbc /Users/henrytran/Library/Application Support/Code/User/globalStorage/vexrobotics.vexcode/sdk/cpp/V5/V5_20240802_15_00_00/vexv5/libv5rt.a(v5_startup.c.obj)
                0x0000000003800020                vexStartup
                0x0000000003800100                . = ALIGN (0x40)
 *fill*         0x00000000038000dc       0x24 
 *(.freertos_vectors)
 *(.text)
 .text          0x0000000003800100       0x3a /Users/henrytran/Library/Application Support/Code/User/globalStorage/vexrobotics.vexcode/sdk/cpp/V5/V5_20240802_15_00_00/vexv5/gcc/libs/libc.a(lib_a-aeabi_memmove-soft.o)
                0x0000000003800100                __aeabi_memmove8
                0x0000000003800100                __aeabi_memmove4
                0x0000000003800100                __aeabi_memmove
 *(.text.*)
 *fill*         0x000000000380013a        0x2 
 .text._ZN3vex11motor_groupC2IJNS_5motorES2_EEERS2_DpRT_
                0x000000000380013c       0x44 build/src/main.o
                0x000000000380013c                vex::motor_group::motor_group<vex::motor, vex::motor>(vex::motor&, vex::motor&, vex::motor&)
 .text._Z20initializeRandomSeedv
                0x0000000003800180       0x68 build/src/main.o
                0x0000000003800180                initializeRandomSeed()
 .text._Z7initIMUv
                0x00000000038001e8       0x6c build/src/main.o
                0x00000000038001e8                initIMU()
 .text._Z11vexcodeInitv
                0x0000000003800254       0x38 build/src/main.o
                0x0000000003800254                vexcodeInit()
 .text._Z21stop_mechanism_motorsv
                0x000000000380028c       0x6c build/src/main.o
                0x000000000380028c                stop_mechanism_motors()
 .text._Z10pauseGuardv
                0x00000000038002f8       0x78 build/src/main.o
                0x00000000038002f8                pauseGuard()
 .text._Z28updateOverrideDistanceTogglev
                0x0000000003800370       0x60 build/src/main.o
                0x0000000003800370                updateOverrideDistanceToggle()
 .text._Z38handleOverrideTransitionDistanceResyncv
                0x00000000038003d0       0x6c build/src/main.o
                0x00000000038003d0                handleOverrideTransitionDistanceResync()
 *fill*         0x000000000380043c        0x4 
 .text._Z11rejectToMidv
                0x0000000003800440       0xc0 build/src/main.o
                0x0000000003800440                rejectToMid()
 .text._Z11rejectToTopv
                0x0000000003800500       0xd0 build/src/main.o
                0x0000000003800500                rejectToTop()
 .text._Z14scoringLowGoalv
                0x00000000038005d0      0x280 build/src/main.o
                0x00000000038005d0                scoringLowGoal()
 .text._Z14scoringTopGoalv
                0x0000000003800850      0x2a8 build/src/main.o
                0x0000000003800850                scoringTopGoal()
 .text._Z14scoringMidGoalv
                0x0000000003800af8      0x2a8 build/src/main.o
                0x0000000003800af8                scoringMidGoal()
 .text._Z13toggle_intakev
                0x0000000003800da0      0x108 build/src/main.o
                0x0000000003800da0                toggle_intake()
 .text._Z17toggle_outtake_lgv
                0x0000000003800ea8      0x110 build/src/main.o
                0x0000000003800ea8                toggle_outtake_lg()
 .text._Z17toggle_outtake_tgv
                0x0000000003800fb8      0x110 build/src/main.o
                0x0000000003800fb8                toggle_outtake_tg()
 .text._Z17toggle_outtake_mgv
                0x00000000038010c8      0x110 build/src/main.o
                0x00000000038010c8                toggle_outtake_mg()
 .text._Z17activateTheIntakev
                0x00000000038011d8      0x2b8 build/src/main.o
                0x00000000038011d8                activateTheIntake()
 .text._Z12handleButtonv
                0x0000000003801490      0x12c build/src/main.o
                0x0000000003801490                handleButton()
 .text._Z10outakeTaskv
                0x00000000038015bc      0x110 build/src/main.o
                0x00000000038015bc                outakeTask()
 .text._Z27setBrakeForIndividualMotorsRKN3vex9brakeTypeE
                0x00000000038016cc       0x70 build/src/main.o
                0x00000000038016cc                setBrakeForIndividualMotors(vex::brakeType const&)
 *fill*         0x000000000380173c        0x4 
 .text._Z13tankDriveTaskv
                0x0000000003801740      0x178 build/src/main.o
                0x0000000003801740                tankDriveTask()
 .text._Z22shared_intake_lg_tasksv
                0x00000000038018b8       0x88 build/src/main.o
                0x00000000038018b8                shared_intake_lg_tasks()
 .text._Z13driverControlv
                0x0000000003801940       0x48 build/src/main.o
                0x0000000003801940                driverControl()
 .text._ZNSt6vectorI4StepSaIS0_EEC2ESt16initializer_listIS0_ERKS1_
                0x0000000003801988       0x58 build/src/main.o
                0x0000000003801988                std::vector<Step, std::allocator<Step> >::vector(std::initializer_list<Step>, std::allocator<Step> const&)
 .text._ZNSt6vectorI4StepSaIS0_EED2Ev
                0x00000000038019e0       0x24 build/src/main.o
                0x00000000038019e0                std::vector<Step, std::allocator<Step> >::~vector()
 .text._Z10autonomousv
                0x0000000003801a04      0x3bc build/src/main.o
                0x0000000003801a04                autonomous()
 .text.main     0x0000000003801dc0       0x5c build/src/main.o
                0x0000000003801dc0                main
 .text._ZNSt3mapISt4pairI9RoutineID4SideESt6vectorISt8functionIFvR9AutoDriveR8OdometryEESaISB_EESt4lessIS3_ESaIS0_IKS3_SD_EEEixEOS3_
                0x0000000003801e1c       0xc8 build/src/main.o
                0x0000000003801e1c                std::map<std::pair<RoutineID, Side>, std::vector<std::function<void (AutoDrive&, Odometry&)>, std::allocator<std::function<void (AutoDrive&, Odometry&)> > >, std::less<std::pair<RoutineID, Side> >, std::allocator<std::pair<std::pair<RoutineID, Side> const, std::vector<std::function<void (AutoDrive&, Odometry&)>, std::allocator<std::function<void (AutoDrive&, Odometry&)> > > > > >::operator[](std::pair<RoutineID, Side>&&)
 .text._ZNSt6vectorISt8functionIFvR9AutoDriveR8OdometryEESaIS6_EED2Ev
                0x0000000003801ee4       0x5c build/src/main.o
                0x0000000003801ee4                std::vector<std::function<void (AutoDrive&, Odometry&)>, std::allocator<std::function<void (AutoDrive&, Odometry&)> > >::~vector()
 .text._ZNSt6vectorISt8functionIFvR9AutoDriveR8OdometryEESaIS6_EE12emplace_backIJS6_EEEvDpOT_
                0x0000000003801f40       0x68 build/src/main.o
                0x0000000003801f40                void std::vector<std::function<void (AutoDrive&, Odometry&)>, std::allocator<std::function<void (AutoDrive&, Odometry&)> > >::emplace_back<std::function<void (AutoDrive&, Odometry&)> >(std::function<void (AutoDrive&, Odometry&)>&&)
 .text._ZNSt6vectorISt8functionIFvR9AutoDriveR8OdometryEESaIS6_EE19_M_emplace_back_auxIJS6_EEEvDpOT_
                0x0000000003801fa8      0x160 build/src/main.o
                0x0000000003801fa8                void std::vector<std::function<void (AutoDrive&, Odometry&)>, std::allocator<std::function<void (AutoDrive&, Odometry&)> > >::_M_emplace_back_aux<std::function<void (AutoDrive&, Odometry&)> >(std::function<void (AutoDrive&, Odometry&)>&&)
 .text._ZNKSt6vectorISt8functionIFvR9AutoDriveR8OdometryEESaIS6_EE12_M_check_lenEjPKc
                0x0000000003802108       0x54 build/src/main.o
                0x0000000003802108                std::vector<std::function<void (AutoDrive&, Odometry&)>, std::allocator<std::function<void (AutoDrive&, Odometry&)> > >::_M_check_len(unsigned int, char const*) const
 .text._ZNSt12_Vector_baseISt8functionIFvR9AutoDriveR8OdometryEESaIS6_EE11_M_allocateEj
                0x000000000380215c       0x30 build/src/main.o
                0x000000000380215c                std::_Vector_base<std::function<void (AutoDrive&, Odometry&)>, std::allocator<std::function<void (AutoDrive&, Odometry&)> > >::_M_allocate(unsigned int)
 .text._ZNSt17_Function_handlerIFvR9AutoDriveR8OdometryEZL11addStraightRSt6vectorISt8functionIS4_ESaIS7_EEdE3$_0E9_M_invokeERKSt9_Any_dataS1_S3_
                0x000000000380218c       0xb0 build/src/main.o
 .text._ZNSt14_Function_base13_Base_managerIZL11addStraightRSt6vectorISt8functionIFvR9AutoDriveR8OdometryEESaIS8_EEdE3$_0E10_M_managerERSt9_Any_dataRKSE_St18_Manager_operation
                0x000000000380223c       0x64 build/src/main.o
 .text._ZN8Odometry6updateEv
                0x00000000038022a0      0x228 build/src/main.o
                0x00000000038022a0                Odometry::update()
 .text._ZL9printOdomR8Odometry
                0x00000000038024c8       0xe4 build/src/main.o
 .text._ZN9AutoDrive17driveToEncoderPIDEddddddi
                0x00000000038025ac      0x274 build/src/main.o
                0x00000000038025ac                AutoDrive::driveToEncoderPID(double, double, double, double, double, double, int)
 .text._ZN11PID_Control11compute_pidEdd
                0x0000000003802820       0xbc build/src/main.o
                0x0000000003802820                PID_Control::compute_pid(double, double)
 .text._ZN11PID_Control25compute_proportional_termEd
                0x00000000038028dc       0x60 build/src/main.o
                0x00000000038028dc                PID_Control::compute_proportional_term(double)
 .text._ZNSt6vectorIdSaIdEE19_M_emplace_back_auxIJRKdEEEvDpOT_
                0x000000000380293c       0x80 build/src/main.o
                0x000000000380293c                void std::vector<double, std::allocator<double> >::_M_emplace_back_aux<double const&>(double const&)
 .text._ZNKSt6vectorIdSaIdEE12_M_check_lenEjPKc
                0x00000000038029bc       0x54 build/src/main.o
                0x00000000038029bc                std::vector<double, std::allocator<double> >::_M_check_len(unsigned int, char const*) const
 .text._ZNSt12_Vector_baseIdSaIdEE11_M_allocateEj
                0x0000000003802a10       0x30 build/src/main.o
                0x0000000003802a10                std::_Vector_base<double, std::allocator<double> >::_M_allocate(unsigned int)
 .text._ZNSt5dequeISt4pairIddESaIS1_EE16_M_push_back_auxIJS1_EEEvDpOT_
                0x0000000003802a40       0x7c build/src/main.o
                0x0000000003802a40                void std::deque<std::pair<double, double>, std::allocator<std::pair<double, double> > >::_M_push_back_aux<std::pair<double, double> >(std::pair<double, double>&&)
 .text._ZNSt5dequeISt4pairIddESaIS1_EE17_M_reallocate_mapEjb
                0x0000000003802abc      0x12c build/src/main.o
                0x0000000003802abc                std::deque<std::pair<double, double>, std::allocator<std::pair<double, double> > >::_M_reallocate_map(unsigned int, bool)
 .text._ZNSt17_Function_handlerIFvR9AutoDriveR8OdometryEZL11addBackwardRSt6vectorISt8functionIS4_ESaIS7_EEdE3$_1E9_M_invokeERKSt9_Any_dataS1_S3_
                0x0000000003802be8       0xc4 build/src/main.o
 .text._ZNSt14_Function_base13_Base_managerIZL11addBackwardRSt6vectorISt8functionIFvR9AutoDriveR8OdometryEESaIS8_EEdE3$_1E10_M_managerERSt9_Any_dataRKSE_St18_Manager_operation
                0x0000000003802cac       0x64 build/src/main.o
 .text._ZNSt17_Function_handlerIFvR9AutoDriveR8OdometryEZL11addTurnLeftRSt6vectorISt8functionIS4_ESaIS7_EEdE3$_2E9_M_invokeERKSt9_Any_dataS1_S3_
                0x0000000003802d10       0xb8 build/src/main.o
 .text._ZNSt14_Function_base13_Base_managerIZL11addTurnLeftRSt6vectorISt8functionIFvR9AutoDriveR8OdometryEESaIS8_EEdE3$_2E10_M_managerERSt9_Any_dataRKSE_St18_Manager_operation
                0x0000000003802dc8       0x64 build/src/main.o
 .text._ZN9AutoDrive16turnToHeadingPIDEddddddi
                0x0000000003802e2c      0x280 build/src/main.o
                0x0000000003802e2c                AutoDrive::turnToHeadingPID(double, double, double, double, double, double, int)
 .text._ZNSt17_Function_handlerIFvR9AutoDriveR8OdometryEZL12addTurnRightRSt6vectorISt8functionIS4_ESaIS7_EEdE3$_3E9_M_invokeERKSt9_Any_dataS1_S3_
                0x00000000038030ac       0xb8 build/src/main.o
 .text._ZNSt14_Function_base13_Base_managerIZL12addTurnRightRSt6vectorISt8functionIFvR9AutoDriveR8OdometryEESaIS8_EEdE3$_3E10_M_managerERSt9_Any_dataRKSE_St18_Manager_operation
                0x0000000003803164       0x64 build/src/main.o
 .text._ZNSt17_Function_handlerIFvR9AutoDriveR8OdometryEZL10addTopGoalRSt6vectorISt8functionIS4_ESaIS7_EEE3$_4E9_M_invokeERKSt9_Any_dataS1_S3_
                0x00000000038031c8       0xb8 build/src/main.o
 .text._ZNSt14_Function_base13_Base_managerIZL10addTopGoalRSt6vectorISt8functionIFvR9AutoDriveR8OdometryEESaIS8_EEE3$_4E10_M_managerERSt9_Any_dataRKSE_St18_Manager_operation
                0x0000000003803280       0x54 build/src/main.o
 .text._ZNSt17_Function_handlerIFvR9AutoDriveR8OdometryEZL12addMotorStopRSt6vectorISt8functionIS4_ESaIS7_EEE3$_6E9_M_invokeERKSt9_Any_dataS1_S3_
                0x00000000038032d4       0x24 build/src/main.o
 .text._ZNSt14_Function_base13_Base_managerIZL12addMotorStopRSt6vectorISt8functionIFvR9AutoDriveR8OdometryEESaIS8_EEE3$_6E10_M_managerERSt9_Any_dataRKSE_St18_Manager_operation
                0x00000000038032f8       0x54 build/src/main.o
 .text._ZNSt17_Function_handlerIFvR9AutoDriveR8OdometryEZL14addBallLoadingRSt6vectorISt8functionIS4_ESaIS7_EEdE3$_5E9_M_invokeERKSt9_Any_dataS1_S3_
                0x000000000380334c       0x3c build/src/main.o
 .text._ZNSt14_Function_base13_Base_managerIZL14addBallLoadingRSt6vectorISt8functionIFvR9AutoDriveR8OdometryEESaIS8_EEdE3$_5E10_M_managerERSt9_Any_dataRKSE_St18_Manager_operation
                0x0000000003803388       0x64 build/src/main.o
 .text._ZNSt8_Rb_treeISt4pairI9RoutineID4SideES0_IKS3_St6vectorISt8functionIFvR9AutoDriveR8OdometryEESaISC_EEESt10_Select1stISF_ESt4lessIS3_ESaISF_EE22_M_emplace_hint_uniqueIJRKSt21piecewise_construct_tSt5tupleIJOS3_EESQ_IJEEEEESt17_Rb_tree_iteratorISF_ESt23_Rb_tree_const_iteratorISF_EDpOT_
                0x00000000038033ec       0x9c build/src/main.o
                0x00000000038033ec                std::_Rb_tree_iterator<std::pair<std::pair<RoutineID, Side> const, std::vector<std::function<void (AutoDrive&, Odometry&)>, std::allocator<std::function<void (AutoDrive&, Odometry&)> > > > > std::_Rb_tree<std::pair<RoutineID, Side>, std::pair<std::pair<RoutineID, Side> const, std::vector<std::function<void (AutoDrive&, Odometry&)>, std::allocator<std::function<void (AutoDrive&, Odometry&)> > > >, std::_Select1st<std::pair<std::pair<RoutineID, Side> const, std::vector<std::function<void (AutoDrive&, Odometry&)>, std::allocator<std::function<void (AutoDrive&, Odometry&)> > > > >, std::less<std::pair<RoutineID, Side> >, std::allocator<std::pair<std::pair<RoutineID, Side> const, std::vector<std::function<void (AutoDrive&, Odometry&)>, std::allocator<std::function<void (AutoDrive&, Odometry&)> > > > > >::_M_emplace_hint_unique<std::piecewise_construct_t const&, std::tuple<std::pair<RoutineID, Side>&&>, std::tuple<> >(std::_Rb_tree_const_iterator<std::pair<std::pair<RoutineID, Side> const, std::vector<std::function<void (AutoDrive&, Odometry&)>, std::allocator<std::function<void (AutoDrive&, Odometry&)> > > > >, std::piecewise_construct_t const&, std::tuple<std::pair<RoutineID, Side>&&>&&, std::tuple<>&&)
 .text._ZNSt8_Rb_treeISt4pairI9RoutineID4SideES0_IKS3_St6vectorISt8functionIFvR9AutoDriveR8OdometryEESaISC_EEESt10_Select1stISF_ESt4lessIS3_ESaISF_EE29_M_get_insert_hint_unique_posESt23_Rb_tree_const_iteratorISF_ERS4_
                0x0000000003803488      0x170 build/src/main.o
                0x0000000003803488                std::_Rb_tree<std::pair<RoutineID, Side>, std::pair<std::pair<RoutineID, Side> const, std::vector<std::function<void (AutoDrive&, Odometry&)>, std::allocator<std::function<void (AutoDrive&, Odometry&)> > > >, std::_Select1st<std::pair<std::pair<RoutineID, Side> const, std::vector<std::function<void (AutoDrive&, Odometry&)>, std::allocator<std::function<void (AutoDrive&, Odometry&)> > > > >, std::less<std::pair<RoutineID, Side> >, std::allocator<std::pair<std::pair<RoutineID, Side> const, std::vector<std::function<void (AutoDrive&, Odometry&)>, std::allocator<std::function<void (AutoDrive&, Odometry&)> > > > > >::_M_get_insert_hint_unique_pos(std::_Rb_tree_const_iterator<std::pair<std::pair<RoutineID, Side> const, std::vector<std::function<void (AutoDrive&, Odometry&)>, std::allocator<std::function<void (AutoDrive&, Odometry&)> > > > >, std::pair<RoutineID, Side> const&)
 .text._ZNSt8_Rb_treeISt4pairI9RoutineID4SideES0_IKS3_St6vectorISt8functionIFvR9AutoDriveR8OdometryEESaISC_EEESt10_Select1stISF_ESt4lessIS3_ESaISF_EE14_M_insert_nodeEPSt18_Rb_tree_node_baseSN_PSt13_Rb_tree_nodeISF_E
                0x00000000038035f8       0x74 build/src/main.o
                0x00000000038035f8                std::_Rb_tree<std::pair<RoutineID, Side>, std::pair<std::pair<RoutineID, Side> const, std::vector<std::function<void (AutoDrive&, Odometry&)>, std::allocator<std::function<void (AutoDrive&, Odometry&)> > > >, std::_Select1st<std::pair<std::pair<RoutineID, Side> const, std::vector<std::function<void (AutoDrive&, Odometry&)>, std::allocator<std::function<void (AutoDrive&, Odometry&)> > > > >, std::less<std::pair<RoutineID, Side> >, std::allocator<std::pair<std::pair<RoutineID, Side> const, std::vector<std::function<void (AutoDrive&, Odometry&)>, std::allocator<std::function<void (AutoDrive&, Odometry&)> > > > > >::_M_insert_node(std::_Rb_tree_node_base*, std::_Rb_tree_node_base*, std::_Rb_tree_node<std::pair<std::pair<RoutineID, Side> const, std::vector<std::function<void (AutoDrive&, Odometry&)>, std::allocator<std::function<void (AutoDrive&, Odometry&)> > > > >*)
 .text._ZNSt8_Rb_treeISt4pairI9RoutineID4SideES0_IKS3_St6vectorISt8functionIFvR9AutoDriveR8OdometryEESaISC_EEESt10_Select1stISF_ESt4lessIS3_ESaISF_EE24_M_get_insert_unique_posERS4_
                0x000000000380366c       0xd4 build/src/main.o
                0x000000000380366c                std::_Rb_tree<std::pair<RoutineID, Side>, std::pair<std::pair<RoutineID, Side> const, std::vector<std::function<void (AutoDrive&, Odometry&)>, std::allocator<std::function<void (AutoDrive&, Odometry&)> > > >, std::_Select1st<std::pair<std::pair<RoutineID, Side> const, std::vector<std::function<void (AutoDrive&, Odometry&)>, std::allocator<std::function<void (AutoDrive&, Odometry&)> > > > >, std::less<std::pair<RoutineID, Side> >, std::allocator<std::pair<std::pair<RoutineID, Side> const, std::vector<std::function<void (AutoDrive&, Odometry&)>, std::allocator<std::function<void (AutoDrive&, Odometry&)> > > > > >::_M_get_insert_unique_pos(std::pair<RoutineID, Side> const&)
 .text._ZN8OdometryC2Eddd
                0x0000000003803740      0x104 build/src/main.o
                0x0000000003803740                Odometry::Odometry(double, double, double)
 .text._ZNKSt8_Rb_treeISt4pairI9RoutineID4SideES0_IKS3_St6vectorISt8functionIFvR9AutoDriveR8OdometryEESaISC_EEESt10_Select1stISF_ESt4lessIS3_ESaISF_EE4findERS4_
                0x0000000003803844       0xa0 build/src/main.o
                0x0000000003803844                std::_Rb_tree<std::pair<RoutineID, Side>, std::pair<std::pair<RoutineID, Side> const, std::vector<std::function<void (AutoDrive&, Odometry&)>, std::allocator<std::function<void (AutoDrive&, Odometry&)> > > >, std::_Select1st<std::pair<std::pair<RoutineID, Side> const, std::vector<std::function<void (AutoDrive&, Odometry&)>, std::allocator<std::function<void (AutoDrive&, Odometry&)> > > > >, std::less<std::pair<RoutineID, Side> >, std::allocator<std::pair<std::pair<RoutineID, Side> const, std::vector<std::function<void (AutoDrive&, Odometry&)>, std::allocator<std::function<void (AutoDrive&, Odometry&)> > > > > >::find(std::pair<RoutineID, Side> const&) const
 .text._ZNSt11_Deque_baseISt4pairIddESaIS1_EE17_M_initialize_mapEj
                0x00000000038038e4       0xac build/src/main.o
                0x00000000038038e4                std::_Deque_base<std::pair<double, double>, std::allocator<std::pair<double, double> > >::_M_initialize_map(unsigned int)
 .text._ZNSt11_Deque_baseISt4pairIddESaIS1_EEC2EOS3_
                0x0000000003803990       0xa4 build/src/main.o
                0x0000000003803990                std::_Deque_base<std::pair<double, double>, std::allocator<std::pair<double, double> > >::_Deque_base(std::_Deque_base<std::pair<double, double>, std::allocator<std::pair<double, double> > >&&)
 .text._ZNSt11_Deque_baseISt4pairIddESaIS1_EED2Ev
                0x0000000003803a34       0x50 build/src/main.o
                0x0000000003803a34                std::_Deque_base<std::pair<double, double>, std::allocator<std::pair<double, double> > >::~_Deque_base()
 .text._ZNSt8_Rb_treeISt4pairI9RoutineID4SideES0_IKS3_St6vectorISt8functionIFvR9AutoDriveR8OdometryEESaISC_EEESt10_Select1stISF_ESt4lessIS3_ESaISF_EE8_M_eraseEPSt13_Rb_tree_nodeISF_E
                0x0000000003803a84       0x48 build/src/main.o
                0x0000000003803a84                std::_Rb_tree<std::pair<RoutineID, Side>, std::pair<std::pair<RoutineID, Side> const, std::vector<std::function<void (AutoDrive&, Odometry&)>, std::allocator<std::function<void (AutoDrive&, Odometry&)> > > >, std::_Select1st<std::pair<std::pair<RoutineID, Side> const, std::vector<std::function<void (AutoDrive&, Odometry&)>, std::allocator<std::function<void (AutoDrive&, Odometry&)> > > > >, std::less<std::pair<RoutineID, Side> >, std::allocator<std::pair<std::pair<RoutineID, Side> const, std::vector<std::function<void (AutoDrive&, Odometry&)>, std::allocator<std::function<void (AutoDrive&, Odometry&)> > > > > >::_M_erase(std::_Rb_tree_node<std::pair<std::pair<RoutineID, Side> const, std::vector<std::function<void (AutoDrive&, Odometry&)>, std::allocator<std::function<void (AutoDrive&, Odometry&)> > > > >*)
 .text._ZNSt12_Vector_baseI4StepSaIS0_EE11_M_allocateEj
                0x0000000003803acc       0x30 build/src/main.o
                0x0000000003803acc                std::_Vector_base<Step, std::allocator<Step> >::_M_allocate(unsigned int)
 .text._GLOBAL__sub_I_main.cpp
                0x0000000003803afc      0x578 build/src/main.o
 .text.vexMain  0x0000000003804074       0xb0 /Users/henrytran/Library/Application Support/Code/User/globalStorage/vexrobotics.vexcode/sdk/cpp/V5/V5_20240802_15_00_00/vexv5/libv5rt.a(v5_startup.c.obj)
                0x0000000003804074                vexMain
 .text.__vex_function_prolog
                0x0000000003804124       0x18 /Users/henrytran/Library/Application Support/Code/User/globalStorage/vexrobotics.vexcode/sdk/cpp/V5/V5_20240802_15_00_00/vexv5/libv5rt.a(v5_startup.c.obj)
                0x0000000003804124                __vex_function_prolog
 .text._init    0x000000000380413c        0x4 /Users/henrytran/Library/Application Support/Code/User/globalStorage/vexrobotics.vexcode/sdk/cpp/V5/V5_20240802_15_00_00/vexv5/libv5rt.a(v5_startup.c.obj)
                0x000000000380413c                _init
 .text._fini    0x0000000003804140        0x4 /Users/henrytran/Library/Application Support/Code/User/globalStorage/vexrobotics.vexcode/sdk/cpp/V5/V5_20240802_15_00_00/vexv5/libv5rt.a(v5_startup.c.obj)
                0x0000000003804140                _fini
 .text.vexStdlibVersionLinked
                0x0000000003804144        0xc /Users/henrytran/Library/Application Support/Code/User/globalStorage/vexrobotics.vexcode/sdk/cpp/V5/V5_20240802_15_00_00/vexv5/libv5rt.a(v5_util.c.obj)
                0x0000000003804144                vexStdlibVersionLinked
 .text.vexStdlibVersionVerify
                0x0000000003804150       0x30 /Users/henrytran/Library/Application Support/Code/User/globalStorage/vexrobotics.vexcode/sdk/cpp/V5/V5_20240802_15_00_00/vexv5/libv5rt.a(v5_util.c.obj)
                0x0000000003804150                vexStdlibVersionVerify
 .text.vexPrivateApiEnable
                0x0000000003804180       0x10 /Users/henrytran/Library/Application Support/Code/User/globalStorage/vexrobotics.vexcode/sdk/cpp/V5/V5_20240802_15_00_00/vexv5/libv5rt.a(v5_apijump.c.obj)
                0x0000000003804180                vexPrivateApiEnable
 .text.vexStdlibMismatchError
                0x0000000003804190       0x3c /Users/henrytran/Library/Application Support/Code/User/globalStorage/vexrobotics.vexcode/sdk/cpp/V5/V5_20240802_15_00_00/vexv5/libv5rt.a(v5_apijump.c.obj)
                0x0000000003804190                vexStdlibMismatchError
 .text.vexTaskAdd
                0x00000000038041cc       0x10 /Users/henrytran/Library/Application Support/Code/User/globalStorage/vexrobotics.vexcode/sdk/cpp/V5/V5_20240802_15_00_00/vexv5/libv5rt.a(v5_apijump.c.obj)
                0x00000000038041cc                vexTaskAdd
 .text.vexTasksRun
                0x00000000038041dc       0x10 /Users/henrytran/Library/Application Support/Code/User/globalStorage/vexrobotics.vexcode/sdk/cpp/V5/V5_20240802_15_00_00/vexv5/libv5rt.a(v5_apijump.c.obj)
                0x00000000038041dc                vexTasksRun
 .text.vexTaskYield
                0x00000000038041ec       0x10 /Users/henrytran/Library/Application Support/Code/User/globalStorage/vexrobotics.vexcode/sdk/cpp/V5/V5_20240802_15_00_00/vexv5/libv5rt.a(v5_apijump.c.obj)
                0x00000000038041ec                vexTaskYield
 .text.vexTaskCheckTimeslice
                0x00000000038041fc       0x10 /Users/henrytran/Library/Application Support/Code/User/globalStorage/vexrobotics.vexcode/sdk/cpp/V5/V5_20240802_15_00_00/vexv5/libv5rt.a(v5_apijump.c.obj)
                0x00000000038041fc                vexTaskCheckTimeslice
 .text.vexTaskSleep
                0x000000000380420c       0x10 /Users/henrytran/Library/Application Support/Code/User/globalStorage/vexrobotics.vexcode/sdk/cpp/V5/V5_20240802_15_00_00/vexv5/libv5rt.a(v5_apijump.c.obj)
                0x000000000380420c                vexTaskSleep
 .text.vexTasksDump
                0x000000000380421c       0x1c /Users/henrytran/Library/Application Support/Code/User/globalStorage/vexrobotics.vexcode/sdk/cpp/V5/V5_20240802_15_00_00/vexv5/libv5rt.a(v5_apijump.c.obj)
                0x000000000380421c                vexTasksDump
 .text.vexTaskGetTaskIndex
                0x0000000003804238       0x10 /Users/henrytran/Library/Application Support/Code/User/globalStorage/vexrobotics.vexcode/sdk/cpp/V5/V5_20240802_15_00_00/vexv5/libv5rt.a(v5_apijump.c.obj)
                0x0000000003804238                vexTaskGetTaskIndex
 .text.vexTaskStopAll
                0x0000000003804248       0x10 /Users/henrytran/Library/Application Support/Code/User/globalStorage/vexrobotics.vexcode/sdk/cpp/V5/V5_20240802_15_00_00/vexv5/libv5rt.a(v5_apijump.c.obj)
                0x0000000003804248                vexTaskStopAll
 .text.vexTaskRemoveAllUser
                0x0000000003804258       0x34 /Users/henrytran/Library/Application Support/Code/User/globalStorage/vexrobotics.vexcode/sdk/cpp/V5/V5_20240802_15_00_00/vexv5/libv5rt.a(v5_apijump.c.obj)
                0x0000000003804258                vexTaskRemoveAllUser
 .text.vexTaskCompletionIdSet
                0x000000000380428c       0x10 /Users/henrytran/Library/Application Support/Code/User/globalStorage/vexrobotics.vexcode/sdk/cpp/V5/V5_20240802_15_00_00/vexv5/libv5rt.a(v5_apijump.c.obj)
                0x000000000380428c                vexTaskCompletionIdSet
 .text.vexTaskStopWithId
                0x000000000380429c       0x10 /Users/henrytran/Library/Application Support/Code/User/globalStorage/vexrobotics.vexcode/sdk/cpp/V5/V5_20240802_15_00_00/vexv5/libv5rt.a(v5_apijump.c.obj)
                0x000000000380429c                vexTaskStopWithId
 .text.vexEventAdd
                0x00000000038042ac       0x34 /Users/henrytran/Library/Application Support/Code/User/globalStorage/vexrobotics.vexcode/sdk/cpp/V5/V5_20240802_15_00_00/vexv5/libv5rt.a(v5_apijump.c.obj)
                0x00000000038042ac                vexEventAdd
 .text.vexEventUserIndexGet
                0x00000000038042e0       0x1c /Users/henrytran/Library/Application Support/Code/User/globalStorage/vexrobotics.vexcode/sdk/cpp/V5/V5_20240802_15_00_00/vexv5/libv5rt.a(v5_apijump.c.obj)
                0x00000000038042e0                vexEventUserIndexGet
 .text.vexEventAddWithArg
                0x00000000038042fc       0x3c /Users/henrytran/Library/Application Support/Code/User/globalStorage/vexrobotics.vexcode/sdk/cpp/V5/V5_20240802_15_00_00/vexv5/libv5rt.a(v5_apijump.c.obj)
                0x00000000038042fc                vexEventAddWithArg
 .text.vexEventsCleanup
                0x0000000003804338       0x2c /Users/henrytran/Library/Application Support/Code/User/globalStorage/vexrobotics.vexcode/sdk/cpp/V5/V5_20240802_15_00_00/vexv5/libv5rt.a(v5_apijump.c.obj)
                0x0000000003804338                vexEventsCleanup
 .text.vexDebug
                0x0000000003804364       0x38 /Users/henrytran/Library/Application Support/Code/User/globalStorage/vexrobotics.vexcode/sdk/cpp/V5/V5_20240802_15_00_00/vexv5/libv5rt.a(v5_apijump.c.obj)
                0x0000000003804364                vexDebug
 .text.vex_sprintf
                0x000000000380439c       0x40 /Users/henrytran/Library/Application Support/Code/User/globalStorage/vexrobotics.vexcode/sdk/cpp/V5/V5_20240802_15_00_00/vexv5/libv5rt.a(v5_apijump.c.obj)
                0x000000000380439c                vex_sprintf
 .text.vex_vsnprintf
                0x00000000038043dc       0x3c /Users/henrytran/Library/Application Support/Code/User/globalStorage/vexrobotics.vexcode/sdk/cpp/V5/V5_20240802_15_00_00/vexv5/libv5rt.a(v5_apijump.c.obj)
                0x00000000038043dc                vex_vsnprintf
 .text.vexSystemTimeGet
                0x0000000003804418       0x1c /Users/henrytran/Library/Application Support/Code/User/globalStorage/vexrobotics.vexcode/sdk/cpp/V5/V5_20240802_15_00_00/vexv5/libv5rt.a(v5_apijump.c.obj)
                0x0000000003804418                vexSystemTimeGet
 .text.vexSystemExitRequest
                0x0000000003804434       0x1c /Users/henrytran/Library/Application Support/Code/User/globalStorage/vexrobotics.vexcode/sdk/cpp/V5/V5_20240802_15_00_00/vexv5/libv5rt.a(v5_apijump.c.obj)
                0x0000000003804434                vexSystemExitRequest
 .text.vexSystemHighResTimeGet
                0x0000000003804450       0x38 /Users/henrytran/Library/Application Support/Code/User/globalStorage/vexrobotics.vexcode/sdk/cpp/V5/V5_20240802_15_00_00/vexv5/libv5rt.a(v5_apijump.c.obj)
                0x0000000003804450                vexSystemHighResTimeGet
 .text.vexDeviceGetByIndex
                0x0000000003804488       0x24 /Users/henrytran/Library/Application Support/Code/User/globalStorage/vexrobotics.vexcode/sdk/cpp/V5/V5_20240802_15_00_00/vexv5/libv5rt.a(v5_apijump.c.obj)
                0x0000000003804488                vexDeviceGetByIndex
 .text.vexControllerGet
                0x00000000038044ac       0x2c /Users/henrytran/Library/Application Support/Code/User/globalStorage/vexrobotics.vexcode/sdk/cpp/V5/V5_20240802_15_00_00/vexv5/libv5rt.a(v5_apijump.c.obj)
                0x00000000038044ac                vexControllerGet
 .text.vexControllerTextSet
                0x00000000038044d8       0x74 /Users/henrytran/Library/Application Support/Code/User/globalStorage/vexrobotics.vexcode/sdk/cpp/V5/V5_20240802_15_00_00/vexv5/libv5rt.a(v5_apijump.c.obj)
                0x00000000038044d8                vexControllerTextSet
 .text.vexDeviceAdiPortConfigSet
                0x000000000380454c       0x34 /Users/henrytran/Library/Application Support/Code/User/globalStorage/vexrobotics.vexcode/sdk/cpp/V5/V5_20240802_15_00_00/vexv5/libv5rt.a(v5_apijump.c.obj)
                0x000000000380454c                vexDeviceAdiPortConfigSet
 .text.vexDeviceAdiPortConfigGet
                0x0000000003804580       0x2c /Users/henrytran/Library/Application Support/Code/User/globalStorage/vexrobotics.vexcode/sdk/cpp/V5/V5_20240802_15_00_00/vexv5/libv5rt.a(v5_apijump.c.obj)
                0x0000000003804580                vexDeviceAdiPortConfigGet
 .text.vexDeviceAdiValueSet
                0x00000000038045ac       0x34 /Users/henrytran/Library/Application Support/Code/User/globalStorage/vexrobotics.vexcode/sdk/cpp/V5/V5_20240802_15_00_00/vexv5/libv5rt.a(v5_apijump.c.obj)
                0x00000000038045ac                vexDeviceAdiValueSet
 .text.vexDeviceMotorVelocitySet
                0x00000000038045e0       0x2c /Users/henrytran/Library/Application Support/Code/User/globalStorage/vexrobotics.vexcode/sdk/cpp/V5/V5_20240802_15_00_00/vexv5/libv5rt.a(v5_apijump.c.obj)
                0x00000000038045e0                vexDeviceMotorVelocitySet
 .text.vexDeviceMotorActualVelocityGet
                0x000000000380460c       0x24 /Users/henrytran/Library/Application Support/Code/User/globalStorage/vexrobotics.vexcode/sdk/cpp/V5/V5_20240802_15_00_00/vexv5/libv5rt.a(v5_apijump.c.obj)
                0x000000000380460c                vexDeviceMotorActualVelocityGet
 .text.vexDeviceMotorReverseFlagSet
                0x0000000003804630       0x2c /Users/henrytran/Library/Application Support/Code/User/globalStorage/vexrobotics.vexcode/sdk/cpp/V5/V5_20240802_15_00_00/vexv5/libv5rt.a(v5_apijump.c.obj)
                0x0000000003804630                vexDeviceMotorReverseFlagSet
 .text.vexDeviceMotorBrakeModeSet
                0x000000000380465c       0x2c /Users/henrytran/Library/Application Support/Code/User/globalStorage/vexrobotics.vexcode/sdk/cpp/V5/V5_20240802_15_00_00/vexv5/libv5rt.a(v5_apijump.c.obj)
                0x000000000380465c                vexDeviceMotorBrakeModeSet
 .text.vexDeviceMotorPositionSet
                0x0000000003804688       0x34 /Users/henrytran/Library/Application Support/Code/User/globalStorage/vexrobotics.vexcode/sdk/cpp/V5/V5_20240802_15_00_00/vexv5/libv5rt.a(v5_apijump.c.obj)
                0x0000000003804688                vexDeviceMotorPositionSet
 .text.vexDeviceMotorGearingSet
                0x00000000038046bc       0x2c /Users/henrytran/Library/Application Support/Code/User/globalStorage/vexrobotics.vexcode/sdk/cpp/V5/V5_20240802_15_00_00/vexv5/libv5rt.a(v5_apijump.c.obj)
                0x00000000038046bc                vexDeviceMotorGearingSet
 .text.vexDeviceMotorGearingGet
                0x00000000038046e8       0x24 /Users/henrytran/Library/Application Support/Code/User/globalStorage/vexrobotics.vexcode/sdk/cpp/V5/V5_20240802_15_00_00/vexv5/libv5rt.a(v5_apijump.c.obj)
                0x00000000038046e8                vexDeviceMotorGearingGet
 .text.vexDeviceImuReset
                0x000000000380470c       0x24 /Users/henrytran/Library/Application Support/Code/User/globalStorage/vexrobotics.vexcode/sdk/cpp/V5/V5_20240802_15_00_00/vexv5/libv5rt.a(v5_apijump.c.obj)
                0x000000000380470c                vexDeviceImuReset
 .text.vexDeviceImuHeadingGet
                0x0000000003804730       0x24 /Users/henrytran/Library/Application Support/Code/User/globalStorage/vexrobotics.vexcode/sdk/cpp/V5/V5_20240802_15_00_00/vexv5/libv5rt.a(v5_apijump.c.obj)
                0x0000000003804730                vexDeviceImuHeadingGet
 .text.vexDeviceImuDegreesGet
                0x0000000003804754       0x24 /Users/henrytran/Library/Application Support/Code/User/globalStorage/vexrobotics.vexcode/sdk/cpp/V5/V5_20240802_15_00_00/vexv5/libv5rt.a(v5_apijump.c.obj)
                0x0000000003804754                vexDeviceImuDegreesGet
 .text.vexDeviceImuStatusGet
                0x0000000003804778       0x24 /Users/henrytran/Library/Application Support/Code/User/globalStorage/vexrobotics.vexcode/sdk/cpp/V5/V5_20240802_15_00_00/vexv5/libv5rt.a(v5_apijump.c.obj)
                0x0000000003804778                vexDeviceImuStatusGet
 .text.vexDeviceAbsEncPositionGet
                0x000000000380479c       0x24 /Users/henrytran/Library/Application Support/Code/User/globalStorage/vexrobotics.vexcode/sdk/cpp/V5/V5_20240802_15_00_00/vexv5/libv5rt.a(v5_apijump.c.obj)
                0x000000000380479c                vexDeviceAbsEncPositionGet
 .text.vexDeviceAbsEncAngleGet
                0x00000000038047c0       0x24 /Users/henrytran/Library/Application Support/Code/User/globalStorage/vexrobotics.vexcode/sdk/cpp/V5/V5_20240802_15_00_00/vexv5/libv5rt.a(v5_apijump.c.obj)
                0x00000000038047c0                vexDeviceAbsEncAngleGet
 .text.vexDeviceAbsEncReverseFlagSet
                0x00000000038047e4       0x2c /Users/henrytran/Library/Application Support/Code/User/globalStorage/vexrobotics.vexcode/sdk/cpp/V5/V5_20240802_15_00_00/vexv5/libv5rt.a(v5_apijump.c.obj)
                0x00000000038047e4                vexDeviceAbsEncReverseFlagSet
 .text.vexDeviceOpticalHueGet
                0x0000000003804810       0x24 /Users/henrytran/Library/Application Support/Code/User/globalStorage/vexrobotics.vexcode/sdk/cpp/V5/V5_20240802_15_00_00/vexv5/libv5rt.a(v5_apijump.c.obj)
                0x0000000003804810                vexDeviceOpticalHueGet
 .text.vexDeviceOpticalProximityGet
                0x0000000003804834       0x24 /Users/henrytran/Library/Application Support/Code/User/globalStorage/vexrobotics.vexcode/sdk/cpp/V5/V5_20240802_15_00_00/vexv5/libv5rt.a(v5_apijump.c.obj)
                0x0000000003804834                vexDeviceOpticalProximityGet
 .text.vexDeviceOpticalLedPwmSet
                0x0000000003804858       0x2c /Users/henrytran/Library/Application Support/Code/User/globalStorage/vexrobotics.vexcode/sdk/cpp/V5/V5_20240802_15_00_00/vexv5/libv5rt.a(v5_apijump.c.obj)
                0x0000000003804858                vexDeviceOpticalLedPwmSet
 .text.vexDeviceOpticalGestureEnable
                0x0000000003804884       0x24 /Users/henrytran/Library/Application Support/Code/User/globalStorage/vexrobotics.vexcode/sdk/cpp/V5/V5_20240802_15_00_00/vexv5/libv5rt.a(v5_apijump.c.obj)
                0x0000000003804884                vexDeviceOpticalGestureEnable
 .text.vexDeviceOpticalGestureDisable
                0x00000000038048a8       0x24 /Users/henrytran/Library/Application Support/Code/User/globalStorage/vexrobotics.vexcode/sdk/cpp/V5/V5_20240802_15_00_00/vexv5/libv5rt.a(v5_apijump.c.obj)
                0x00000000038048a8                vexDeviceOpticalGestureDisable
 .text.vexDeviceOpticalProximityThreshold
                0x00000000038048cc       0x2c /Users/henrytran/Library/Application Support/Code/User/globalStorage/vexrobotics.vexcode/sdk/cpp/V5/V5_20240802_15_00_00/vexv5/libv5rt.a(v5_apijump.c.obj)
                0x00000000038048cc                vexDeviceOpticalProximityThreshold
 .text.vexDeviceOpticalIntegrationTimeSet
                0x00000000038048f8       0x34 /Users/henrytran/Library/Application Support/Code/User/globalStorage/vexrobotics.vexcode/sdk/cpp/V5/V5_20240802_15_00_00/vexv5/libv5rt.a(v5_apijump.c.obj)
                0x00000000038048f8                vexDeviceOpticalIntegrationTimeSet
 .text.vexDeviceDistanceDistanceGet
                0x000000000380492c       0x24 /Users/henrytran/Library/Application Support/Code/User/globalStorage/vexrobotics.vexcode/sdk/cpp/V5/V5_20240802_15_00_00/vexv5/libv5rt.a(v5_apijump.c.obj)
                0x000000000380492c                vexDeviceDistanceDistanceGet
 .text.vexDeviceDistanceObjectSizeGet
                0x0000000003804950       0x24 /Users/henrytran/Library/Application Support/Code/User/globalStorage/vexrobotics.vexcode/sdk/cpp/V5/V5_20240802_15_00_00/vexv5/libv5rt.a(v5_apijump.c.obj)
                0x0000000003804950                vexDeviceDistanceObjectSizeGet
 .text.vexDisplayForegroundColor
                0x0000000003804974       0x24 /Users/henrytran/Library/Application Support/Code/User/globalStorage/vexrobotics.vexcode/sdk/cpp/V5/V5_20240802_15_00_00/vexv5/libv5rt.a(v5_apijump.c.obj)
                0x0000000003804974                vexDisplayForegroundColor
 .text.vexDisplayBackgroundColor
                0x0000000003804998       0x24 /Users/henrytran/Library/Application Support/Code/User/globalStorage/vexrobotics.vexcode/sdk/cpp/V5/V5_20240802_15_00_00/vexv5/libv5rt.a(v5_apijump.c.obj)
                0x0000000003804998                vexDisplayBackgroundColor
 .text.vexDisplayBackgroundColorGet
                0x00000000038049bc       0x1c /Users/henrytran/Library/Application Support/Code/User/globalStorage/vexrobotics.vexcode/sdk/cpp/V5/V5_20240802_15_00_00/vexv5/libv5rt.a(v5_apijump.c.obj)
                0x00000000038049bc                vexDisplayBackgroundColorGet
 .text.vexDisplayRectClear
                0x00000000038049d8       0x4c /Users/henrytran/Library/Application Support/Code/User/globalStorage/vexrobotics.vexcode/sdk/cpp/V5/V5_20240802_15_00_00/vexv5/libv5rt.a(v5_apijump.c.obj)
                0x00000000038049d8                vexDisplayRectClear
 .text.vexDisplayVPrintf
                0x0000000003804a24       0x50 /Users/henrytran/Library/Application Support/Code/User/globalStorage/vexrobotics.vexcode/sdk/cpp/V5/V5_20240802_15_00_00/vexv5/libv5rt.a(v5_apijump.c.obj)
                0x0000000003804a24                vexDisplayVPrintf
 .text.vexDisplayTextReference
                0x0000000003804a74       0x24 /Users/henrytran/Library/Application Support/Code/User/globalStorage/vexrobotics.vexcode/sdk/cpp/V5/V5_20240802_15_00_00/vexv5/libv5rt.a(v5_apijump.c.obj)
                0x0000000003804a74                vexDisplayTextReference
 .text.vexDisplayTextSize
                0x0000000003804a98       0x2c /Users/henrytran/Library/Application Support/Code/User/globalStorage/vexrobotics.vexcode/sdk/cpp/V5/V5_20240802_15_00_00/vexv5/libv5rt.a(v5_apijump.c.obj)
                0x0000000003804a98                vexDisplayTextSize
 .text.vexDisplayFontNamedSet
                0x0000000003804ac4       0x24 /Users/henrytran/Library/Application Support/Code/User/globalStorage/vexrobotics.vexcode/sdk/cpp/V5/V5_20240802_15_00_00/vexv5/libv5rt.a(v5_apijump.c.obj)
                0x0000000003804ac4                vexDisplayFontNamedSet
 .text.vexDisplayStringWidthGet
                0x0000000003804ae8       0x24 /Users/henrytran/Library/Application Support/Code/User/globalStorage/vexrobotics.vexcode/sdk/cpp/V5/V5_20240802_15_00_00/vexv5/libv5rt.a(v5_apijump.c.obj)
                0x0000000003804ae8                vexDisplayStringWidthGet
 .text.vexSystemStdlibImpureDataAddr
                0x0000000003804b0c       0x28 /Users/henrytran/Library/Application Support/Code/User/globalStorage/vexrobotics.vexcode/sdk/cpp/V5/V5_20240802_15_00_00/vexv5/libv5rt.a(v5_apijump.c.obj)
                0x0000000003804b0c                vexSystemStdlibImpureDataAddr
 .text.vexSystemStdlibImpureDataSize
                0x0000000003804b34       0x28 /Users/henrytran/Library/Application Support/Code/User/globalStorage/vexrobotics.vexcode/sdk/cpp/V5/V5_20240802_15_00_00/vexv5/libv5rt.a(v5_apijump.c.obj)
                0x0000000003804b34                vexSystemStdlibImpureDataSize
 .text.vexSystemSaveUserData
                0x0000000003804b5c       0x3c /Users/henrytran/Library/Application Support/Code/User/globalStorage/vexrobotics.vexcode/sdk/cpp/V5/V5_20240802_15_00_00/vexv5/libv5rt.a(v5_apijump.c.obj)
                0x0000000003804b5c                vexSystemSaveUserData
 .text.vexDisplayThemeIdGet
                0x0000000003804b98       0x38 /Users/henrytran/Library/Application Support/Code/User/globalStorage/vexrobotics.vexcode/sdk/cpp/V5/V5_20240802_15_00_00/vexv5/libv5rt.a(v5_apijump.c.obj)
                0x0000000003804b98                vexDisplayThemeIdGet
 .text.vexBatteryVoltageGet
                0x0000000003804bd0       0x1c /Users/henrytran/Library/Application Support/Code/User/globalStorage/vexrobotics.vexcode/sdk/cpp/V5/V5_20240802_15_00_00/vexv5/libv5rt.a(v5_apijump.c.obj)
                0x0000000003804bd0                vexBatteryVoltageGet
 .text.vexBatteryCurrentGet
                0x0000000003804bec       0x1c /Users/henrytran/Library/Application Support/Code/User/globalStorage/vexrobotics.vexcode/sdk/cpp/V5/V5_20240802_15_00_00/vexv5/libv5rt.a(v5_apijump.c.obj)
                0x0000000003804bec                vexBatteryCurrentGet
 .text.vexDeviceEventMaskSet
                0x0000000003804c08       0x48 /Users/henrytran/Library/Application Support/Code/User/globalStorage/vexrobotics.vexcode/sdk/cpp/V5/V5_20240802_15_00_00/vexv5/libv5rt.a(v5_apijump.c.obj)
                0x0000000003804c08                vexDeviceEventMaskSet
 .text.vexDeviceEventMaskGet
                0x0000000003804c50       0x3c /Users/henrytran/Library/Application Support/Code/User/globalStorage/vexrobotics.vexcode/sdk/cpp/V5/V5_20240802_15_00_00/vexv5/libv5rt.a(v5_apijump.c.obj)
                0x0000000003804c50                vexDeviceEventMaskGet
 .text.vexSystemVersion
                0x0000000003804c8c       0x10 /Users/henrytran/Library/Application Support/Code/User/globalStorage/vexrobotics.vexcode/sdk/cpp/V5/V5_20240802_15_00_00/vexv5/libv5rt.a(v5_apiversions.c.obj)
                0x0000000003804c8c                vexSystemVersion
 .text.vexStdlibVersion
                0x0000000003804c9c       0x10 /Users/henrytran/Library/Application Support/Code/User/globalStorage/vexrobotics.vexcode/sdk/cpp/V5/V5_20240802_15_00_00/vexv5/libv5rt.a(v5_apiversions.c.obj)
                0x0000000003804c9c                vexStdlibVersion
 *fill*         0x0000000003804cac        0x4 
 .text._ZN3vex4waitEdNS_9timeUnitsE
                0x0000000003804cb0       0x30 /Users/henrytran/Library/Application Support/Code/User/globalStorage/vexrobotics.vexcode/sdk/cpp/V5/V5_20240802_15_00_00/vexv5/libv5rt.a(vex_global.cpp.obj)
                0x0000000003804cb0                vex::wait(double, vex::timeUnits)
 .text._ZN3vex5motorD2Ev
                0x0000000003804ce0       0x20 /Users/henrytran/Library/Application Support/Code/User/globalStorage/vexrobotics.vexcode/sdk/cpp/V5/V5_20240802_15_00_00/vexv5/libv5rt.a(vex_motor.cpp.obj)
                0x0000000003804ce0                vex::motor::~motor()
                0x0000000003804ce0                vex::motor::~motor()
 .text._ZN3vex5motorD0Ev
                0x0000000003804d00       0x1c /Users/henrytran/Library/Application Support/Code/User/globalStorage/vexrobotics.vexcode/sdk/cpp/V5/V5_20240802_15_00_00/vexv5/libv5rt.a(vex_motor.cpp.obj)
                0x0000000003804d00                vex::motor::~motor()
 .text._ZN3vex5motor9installedEv
                0x0000000003804d1c       0x18 /Users/henrytran/Library/Application Support/Code/User/globalStorage/vexrobotics.vexcode/sdk/cpp/V5/V5_20240802_15_00_00/vexv5/libv5rt.a(vex_motor.cpp.obj)
                0x0000000003804d1c                vex::motor::installed()
 .text._ZN3vex5motor15defaultStoppingENS_9brakeTypeE
                0x0000000003804d34       0x30 /Users/henrytran/Library/Application Support/Code/User/globalStorage/vexrobotics.vexcode/sdk/cpp/V5/V5_20240802_15_00_00/vexv5/libv5rt.a(vex_motor.cpp.obj)
                0x0000000003804d34                vex::motor::defaultStopping(vex::brakeType)
 .text._ZN3vex5motor8setBrakeENS_9brakeTypeE
                0x0000000003804d64        0x4 /Users/henrytran/Library/Application Support/Code/User/globalStorage/vexrobotics.vexcode/sdk/cpp/V5/V5_20240802_15_00_00/vexv5/libv5rt.a(vex_motor.cpp.obj)
                0x0000000003804d64                vex::motor::setBrake(vex::brakeType)
 .text._ZN3vex5motorC2El
                0x0000000003804d68       0x78 /Users/henrytran/Library/Application Support/Code/User/globalStorage/vexrobotics.vexcode/sdk/cpp/V5/V5_20240802_15_00_00/vexv5/libv5rt.a(vex_motor.cpp.obj)
                0x0000000003804d68                vex::motor::motor(long)
                0x0000000003804d68                vex::motor::motor(long)
 .text._ZN3vex5motorC2ElNS_11gearSettingEb
                0x0000000003804de0       0x34 /Users/henrytran/Library/Application Support/Code/User/globalStorage/vexrobotics.vexcode/sdk/cpp/V5/V5_20240802_15_00_00/vexv5/libv5rt.a(vex_motor.cpp.obj)
                0x0000000003804de0                vex::motor::motor(long, vex::gearSetting, bool)
                0x0000000003804de0                vex::motor::motor(long, vex::gearSetting, bool)
 .text._ZN3vex5motor4stopENS_9brakeTypeE
                0x0000000003804e14       0x30 /Users/henrytran/Library/Application Support/Code/User/globalStorage/vexrobotics.vexcode/sdk/cpp/V5/V5_20240802_15_00_00/vexv5/libv5rt.a(vex_motor.cpp.obj)
                0x0000000003804e14                vex::motor::stop(vex::brakeType)
 .text._ZN3vex5motor16velocityToScaledEdNS_13velocityUnitsE
                0x0000000003804e44       0x5c /Users/henrytran/Library/Application Support/Code/User/globalStorage/vexrobotics.vexcode/sdk/cpp/V5/V5_20240802_15_00_00/vexv5/libv5rt.a(vex_motor.cpp.obj)
                0x0000000003804e44                vex::motor::velocityToScaled(double, vex::velocityUnits)
 .text._ZN3vex5motor8velocityENS_13velocityUnitsE
                0x0000000003804ea0       0x30 /Users/henrytran/Library/Application Support/Code/User/globalStorage/vexrobotics.vexcode/sdk/cpp/V5/V5_20240802_15_00_00/vexv5/libv5rt.a(vex_motor.cpp.obj)
                0x0000000003804ea0                vex::motor::velocity(vex::velocityUnits)
 .text._ZN3vex5motor5valueEv
                0x0000000003804ed0       0x1c /Users/henrytran/Library/Application Support/Code/User/globalStorage/vexrobotics.vexcode/sdk/cpp/V5/V5_20240802_15_00_00/vexv5/libv5rt.a(vex_motor.cpp.obj)
                0x0000000003804ed0                vex::motor::value()
 .text._ZN3vex5motor16scaledToVelocityEdNS_13velocityUnitsE
                0x0000000003804eec       0xa4 /Users/henrytran/Library/Application Support/Code/User/globalStorage/vexrobotics.vexcode/sdk/cpp/V5/V5_20240802_15_00_00/vexv5/libv5rt.a(vex_motor.cpp.obj)
                0x0000000003804eec                vex::motor::scaledToVelocity(double, vex::velocityUnits)
 .text._ZN3vex5motor4spinENS_13directionTypeEdNS_13velocityUnitsE
                0x0000000003804f90       0x5c /Users/henrytran/Library/Application Support/Code/User/globalStorage/vexrobotics.vexcode/sdk/cpp/V5/V5_20240802_15_00_00/vexv5/libv5rt.a(vex_motor.cpp.obj)
                0x0000000003804f90                vex::motor::spin(vex::directionType, double, vex::velocityUnits)
 .text._ZN3vex5motor4spinENS_13directionTypeE
                0x0000000003804fec       0x28 /Users/henrytran/Library/Application Support/Code/User/globalStorage/vexrobotics.vexcode/sdk/cpp/V5/V5_20240802_15_00_00/vexv5/libv5rt.a(vex_motor.cpp.obj)
                0x0000000003804fec                vex::motor::spin(vex::directionType)
 .text._ZN3vex5motor11setVelocityEdNS_13velocityUnitsE
                0x0000000003805014       0x54 /Users/henrytran/Library/Application Support/Code/User/globalStorage/vexrobotics.vexcode/sdk/cpp/V5/V5_20240802_15_00_00/vexv5/libv5rt.a(vex_motor.cpp.obj)
                0x0000000003805014                vex::motor::setVelocity(double, vex::velocityUnits)
 .text._ZN3vex8inertial11getTurnTypeEv
                0x0000000003805068        0x8 /Users/henrytran/Library/Application Support/Code/User/globalStorage/vexrobotics.vexcode/sdk/cpp/V5/V5_20240802_15_00_00/vexv5/libv5rt.a(vex_imu.cpp.obj)
                0x0000000003805068                vex::inertial::getTurnType()
 .text._ZThn16_N3vex8inertial11getTurnTypeEv
                0x0000000003805070        0x8 /Users/henrytran/Library/Application Support/Code/User/globalStorage/vexrobotics.vexcode/sdk/cpp/V5/V5_20240802_15_00_00/vexv5/libv5rt.a(vex_imu.cpp.obj)
                0x0000000003805070                non-virtual thunk to vex::inertial::getTurnType()
 .text._ZN3vex8inertial10setHeadingEdNS_13rotationUnitsE
                0x0000000003805078       0x58 /Users/henrytran/Library/Application Support/Code/User/globalStorage/vexrobotics.vexcode/sdk/cpp/V5/V5_20240802_15_00_00/vexv5/libv5rt.a(vex_imu.cpp.obj)
                0x0000000003805078                vex::inertial::setHeading(double, vex::rotationUnits)
 .text._ZThn16_N3vex8inertial10setHeadingEdNS_13rotationUnitsE
                0x00000000038050d0        0x8 /Users/henrytran/Library/Application Support/Code/User/globalStorage/vexrobotics.vexcode/sdk/cpp/V5/V5_20240802_15_00_00/vexv5/libv5rt.a(vex_imu.cpp.obj)
                0x00000000038050d0                non-virtual thunk to vex::inertial::setHeading(double, vex::rotationUnits)
 .text._ZN3vex8inertial11setRotationEdNS_13rotationUnitsE
                0x00000000038050d8       0x58 /Users/henrytran/Library/Application Support/Code/User/globalStorage/vexrobotics.vexcode/sdk/cpp/V5/V5_20240802_15_00_00/vexv5/libv5rt.a(vex_imu.cpp.obj)
                0x00000000038050d8                vex::inertial::setRotation(double, vex::rotationUnits)
 .text._ZThn16_N3vex8inertial11setRotationEdNS_13rotationUnitsE
                0x0000000003805130        0x8 /Users/henrytran/Library/Application Support/Code/User/globalStorage/vexrobotics.vexcode/sdk/cpp/V5/V5_20240802_15_00_00/vexv5/libv5rt.a(vex_imu.cpp.obj)
                0x0000000003805130                non-virtual thunk to vex::inertial::setRotation(double, vex::rotationUnits)
 .text._ZN3vex8inertialD2Ev
                0x0000000003805138       0x20 /Users/henrytran/Library/Application Support/Code/User/globalStorage/vexrobotics.vexcode/sdk/cpp/V5/V5_20240802_15_00_00/vexv5/libv5rt.a(vex_imu.cpp.obj)
                0x0000000003805138                vex::inertial::~inertial()
                0x0000000003805138                vex::inertial::~inertial()
 .text._ZThn16_N3vex8inertialD1Ev
                0x0000000003805158        0x8 /Users/henrytran/Library/Application Support/Code/User/globalStorage/vexrobotics.vexcode/sdk/cpp/V5/V5_20240802_15_00_00/vexv5/libv5rt.a(vex_imu.cpp.obj)
                0x0000000003805158                non-virtual thunk to vex::inertial::~inertial()
 .text._ZN3vex8inertialD0Ev
                0x0000000003805160       0x1c /Users/henrytran/Library/Application Support/Code/User/globalStorage/vexrobotics.vexcode/sdk/cpp/V5/V5_20240802_15_00_00/vexv5/libv5rt.a(vex_imu.cpp.obj)
                0x0000000003805160                vex::inertial::~inertial()
 .text._ZThn16_N3vex8inertialD0Ev
                0x000000000380517c        0x8 /Users/henrytran/Library/Application Support/Code/User/globalStorage/vexrobotics.vexcode/sdk/cpp/V5/V5_20240802_15_00_00/vexv5/libv5rt.a(vex_imu.cpp.obj)
                0x000000000380517c                non-virtual thunk to vex::inertial::~inertial()
 .text._ZN3vex8inertial9installedEv
                0x0000000003805184       0x18 /Users/henrytran/Library/Application Support/Code/User/globalStorage/vexrobotics.vexcode/sdk/cpp/V5/V5_20240802_15_00_00/vexv5/libv5rt.a(vex_imu.cpp.obj)
                0x0000000003805184                vex::inertial::installed()
 .text._ZN3vex8inertial5angleENS_13rotationUnitsE
                0x000000000380519c       0x6c /Users/henrytran/Library/Application Support/Code/User/globalStorage/vexrobotics.vexcode/sdk/cpp/V5/V5_20240802_15_00_00/vexv5/libv5rt.a(vex_imu.cpp.obj)
                0x000000000380519c                vex::inertial::angle(vex::rotationUnits)
 .text._ZThn16_N3vex8inertial5angleENS_13rotationUnitsE
                0x0000000003805208        0x8 /Users/henrytran/Library/Application Support/Code/User/globalStorage/vexrobotics.vexcode/sdk/cpp/V5/V5_20240802_15_00_00/vexv5/libv5rt.a(vex_imu.cpp.obj)
                0x0000000003805208                non-virtual thunk to vex::inertial::angle(vex::rotationUnits)
 .text._ZN3vex8inertial7headingENS_13rotationUnitsE
                0x0000000003805210        0x4 /Users/henrytran/Library/Application Support/Code/User/globalStorage/vexrobotics.vexcode/sdk/cpp/V5/V5_20240802_15_00_00/vexv5/libv5rt.a(vex_imu.cpp.obj)
                0x0000000003805210                vex::inertial::heading(vex::rotationUnits)
 .text._ZThn16_N3vex8inertial7headingENS_13rotationUnitsE
                0x0000000003805214        0x8 /Users/henrytran/Library/Application Support/Code/User/globalStorage/vexrobotics.vexcode/sdk/cpp/V5/V5_20240802_15_00_00/vexv5/libv5rt.a(vex_imu.cpp.obj)
                0x0000000003805214                non-virtual thunk to vex::inertial::heading(vex::rotationUnits)
 .text._ZN3vex8inertial5valueEv
                0x000000000380521c       0x1c /Users/henrytran/Library/Application Support/Code/User/globalStorage/vexrobotics.vexcode/sdk/cpp/V5/V5_20240802_15_00_00/vexv5/libv5rt.a(vex_imu.cpp.obj)
                0x000000000380521c                vex::inertial::value()
 .text._ZN3vex8inertial8rotationENS_13rotationUnitsE
                0x0000000003805238       0x48 /Users/henrytran/Library/Application Support/Code/User/globalStorage/vexrobotics.vexcode/sdk/cpp/V5/V5_20240802_15_00_00/vexv5/libv5rt.a(vex_imu.cpp.obj)
                0x0000000003805238                vex::inertial::rotation(vex::rotationUnits)
 .text._ZThn16_N3vex8inertial8rotationENS_13rotationUnitsE
                0x0000000003805280        0x8 /Users/henrytran/Library/Application Support/Code/User/globalStorage/vexrobotics.vexcode/sdk/cpp/V5/V5_20240802_15_00_00/vexv5/libv5rt.a(vex_imu.cpp.obj)
                0x0000000003805280                non-virtual thunk to vex::inertial::rotation(vex::rotationUnits)
 .text._ZN3vex8inertial13isCalibratingEv
                0x0000000003805288       0x38 /Users/henrytran/Library/Application Support/Code/User/globalStorage/vexrobotics.vexcode/sdk/cpp/V5/V5_20240802_15_00_00/vexv5/libv5rt.a(vex_imu.cpp.obj)
                0x0000000003805288                vex::inertial::isCalibrating()
 .text._ZThn16_N3vex8inertial13isCalibratingEv
                0x00000000038052c0        0x8 /Users/henrytran/Library/Application Support/Code/User/globalStorage/vexrobotics.vexcode/sdk/cpp/V5/V5_20240802_15_00_00/vexv5/libv5rt.a(vex_imu.cpp.obj)
                0x00000000038052c0                non-virtual thunk to vex::inertial::isCalibrating()
 .text._ZN3vex8inertialC2ElNS_8turnTypeE
                0x00000000038052c8       0x4c /Users/henrytran/Library/Application Support/Code/User/globalStorage/vexrobotics.vexcode/sdk/cpp/V5/V5_20240802_15_00_00/vexv5/libv5rt.a(vex_imu.cpp.obj)
                0x00000000038052c8                vex::inertial::inertial(long, vex::turnType)
                0x00000000038052c8                vex::inertial::inertial(long, vex::turnType)
 .text._ZN3vex8inertial16startCalibrationEl
                0x0000000003805314       0x20 /Users/henrytran/Library/Application Support/Code/User/globalStorage/vexrobotics.vexcode/sdk/cpp/V5/V5_20240802_15_00_00/vexv5/libv5rt.a(vex_imu.cpp.obj)
                0x0000000003805314                vex::inertial::startCalibration(long)
 .text._ZN3vex8inertial9calibrateEl
                0x0000000003805334        0xc /Users/henrytran/Library/Application Support/Code/User/globalStorage/vexrobotics.vexcode/sdk/cpp/V5/V5_20240802_15_00_00/vexv5/libv5rt.a(vex_imu.cpp.obj)
                0x0000000003805334                vex::inertial::calibrate(long)
                0x0000000003805338                non-virtual thunk to vex::inertial::calibrate(long)
 .text._ZN3vex8rotationD2Ev
                0x0000000003805340       0x20 /Users/henrytran/Library/Application Support/Code/User/globalStorage/vexrobotics.vexcode/sdk/cpp/V5/V5_20240802_15_00_00/vexv5/libv5rt.a(vex_rotation.cpp.obj)
                0x0000000003805340                vex::rotation::~rotation()
                0x0000000003805340                vex::rotation::~rotation()
 .text._ZN3vex8rotationD0Ev
                0x0000000003805360       0x1c /Users/henrytran/Library/Application Support/Code/User/globalStorage/vexrobotics.vexcode/sdk/cpp/V5/V5_20240802_15_00_00/vexv5/libv5rt.a(vex_rotation.cpp.obj)
                0x0000000003805360                vex::rotation::~rotation()
 .text._ZN3vex8rotation9installedEv
                0x000000000380537c       0x18 /Users/henrytran/Library/Application Support/Code/User/globalStorage/vexrobotics.vexcode/sdk/cpp/V5/V5_20240802_15_00_00/vexv5/libv5rt.a(vex_rotation.cpp.obj)
                0x000000000380537c                vex::rotation::installed()
 .text._ZN3vex8rotation5valueEv
                0x0000000003805394        0x8 /Users/henrytran/Library/Application Support/Code/User/globalStorage/vexrobotics.vexcode/sdk/cpp/V5/V5_20240802_15_00_00/vexv5/libv5rt.a(vex_rotation.cpp.obj)
                0x0000000003805394                vex::rotation::value()
 .text._ZN3vex8rotationC2Elb
                0x000000000380539c       0x30 /Users/henrytran/Library/Application Support/Code/User/globalStorage/vexrobotics.vexcode/sdk/cpp/V5/V5_20240802_15_00_00/vexv5/libv5rt.a(vex_rotation.cpp.obj)
                0x000000000380539c                vex::rotation::rotation(long, bool)
                0x000000000380539c                vex::rotation::rotation(long, bool)
 *fill*         0x00000000038053cc        0x4 
 .text._ZN3vex8rotation8positionENS_13rotationUnitsE
                0x00000000038053d0       0x50 /Users/henrytran/Library/Application Support/Code/User/globalStorage/vexrobotics.vexcode/sdk/cpp/V5/V5_20240802_15_00_00/vexv5/libv5rt.a(vex_rotation.cpp.obj)
                0x00000000038053d0                vex::rotation::position(vex::rotationUnits)
 .text._ZN3vex7opticalD2Ev
                0x0000000003805420       0x20 /Users/henrytran/Library/Application Support/Code/User/globalStorage/vexrobotics.vexcode/sdk/cpp/V5/V5_20240802_15_00_00/vexv5/libv5rt.a(vex_optical.cpp.obj)
                0x0000000003805420                vex::optical::~optical()
                0x0000000003805420                vex::optical::~optical()
 .text._ZN3vex7opticalD0Ev
                0x0000000003805440       0x1c /Users/henrytran/Library/Application Support/Code/User/globalStorage/vexrobotics.vexcode/sdk/cpp/V5/V5_20240802_15_00_00/vexv5/libv5rt.a(vex_optical.cpp.obj)
                0x0000000003805440                vex::optical::~optical()
 .text._ZN3vex7optical9installedEv
                0x000000000380545c       0x18 /Users/henrytran/Library/Application Support/Code/User/globalStorage/vexrobotics.vexcode/sdk/cpp/V5/V5_20240802_15_00_00/vexv5/libv5rt.a(vex_optical.cpp.obj)
                0x000000000380545c                vex::optical::installed()
 .text._ZN3vex7optical3hueEv
                0x0000000003805474        0x8 /Users/henrytran/Library/Application Support/Code/User/globalStorage/vexrobotics.vexcode/sdk/cpp/V5/V5_20240802_15_00_00/vexv5/libv5rt.a(vex_optical.cpp.obj)
                0x0000000003805474                vex::optical::hue()
 .text._ZN3vex7optical5valueEv
                0x000000000380547c       0x18 /Users/henrytran/Library/Application Support/Code/User/globalStorage/vexrobotics.vexcode/sdk/cpp/V5/V5_20240802_15_00_00/vexv5/libv5rt.a(vex_optical.cpp.obj)
                0x000000000380547c                vex::optical::value()
 .text._ZN3vex7optical12isNearObjectEv
                0x0000000003805494       0x24 /Users/henrytran/Library/Application Support/Code/User/globalStorage/vexrobotics.vexcode/sdk/cpp/V5/V5_20240802_15_00_00/vexv5/libv5rt.a(vex_optical.cpp.obj)
                0x0000000003805494                vex::optical::isNearObject()
 .text._ZN3vex7optical8setLightENS_8ledStateE
                0x00000000038054b8       0x18 /Users/henrytran/Library/Application Support/Code/User/globalStorage/vexrobotics.vexcode/sdk/cpp/V5/V5_20240802_15_00_00/vexv5/libv5rt.a(vex_optical.cpp.obj)
                0x00000000038054b8                vex::optical::setLight(vex::ledState)
 .text._ZN3vex7optical13setLightPowerElNS_12percentUnitsE
                0x00000000038054d0       0x2c /Users/henrytran/Library/Application Support/Code/User/globalStorage/vexrobotics.vexcode/sdk/cpp/V5/V5_20240802_15_00_00/vexv5/libv5rt.a(vex_optical.cpp.obj)
                0x00000000038054d0                vex::optical::setLightPower(long, vex::percentUnits)
 .text._ZN3vex7optical21objectDetectThresholdEl
                0x00000000038054fc       0x18 /Users/henrytran/Library/Application Support/Code/User/globalStorage/vexrobotics.vexcode/sdk/cpp/V5/V5_20240802_15_00_00/vexv5/libv5rt.a(vex_optical.cpp.obj)
                0x00000000038054fc                vex::optical::objectDetectThreshold(long)
 .text._ZN3vex7optical13gestureEnableEv
                0x0000000003805514        0x8 /Users/henrytran/Library/Application Support/Code/User/globalStorage/vexrobotics.vexcode/sdk/cpp/V5/V5_20240802_15_00_00/vexv5/libv5rt.a(vex_optical.cpp.obj)
                0x0000000003805514                vex::optical::gestureEnable()
 .text._ZN3vex7optical14gestureDisableEv
                0x000000000380551c        0x8 /Users/henrytran/Library/Application Support/Code/User/globalStorage/vexrobotics.vexcode/sdk/cpp/V5/V5_20240802_15_00_00/vexv5/libv5rt.a(vex_optical.cpp.obj)
                0x000000000380551c                vex::optical::gestureDisable()
 .text._ZN3vex7opticalC2Elb
                0x0000000003805524       0x54 /Users/henrytran/Library/Application Support/Code/User/globalStorage/vexrobotics.vexcode/sdk/cpp/V5/V5_20240802_15_00_00/vexv5/libv5rt.a(vex_optical.cpp.obj)
                0x0000000003805524                vex::optical::optical(long, bool)
                0x0000000003805524                vex::optical::optical(long, bool)
 .text._ZN3vex7optical15integrationTimeEd
                0x0000000003805578        0x8 /Users/henrytran/Library/Application Support/Code/User/globalStorage/vexrobotics.vexcode/sdk/cpp/V5/V5_20240802_15_00_00/vexv5/libv5rt.a(vex_optical.cpp.obj)
                0x0000000003805578                vex::optical::integrationTime(double)
 .text._ZN3vex8distanceD2Ev
                0x0000000003805580       0x20 /Users/henrytran/Library/Application Support/Code/User/globalStorage/vexrobotics.vexcode/sdk/cpp/V5/V5_20240802_15_00_00/vexv5/libv5rt.a(vex_distance.cpp.obj)
                0x0000000003805580                vex::distance::~distance()
                0x0000000003805580                vex::distance::~distance()
 .text._ZN3vex8distanceD0Ev
                0x00000000038055a0       0x1c /Users/henrytran/Library/Application Support/Code/User/globalStorage/vexrobotics.vexcode/sdk/cpp/V5/V5_20240802_15_00_00/vexv5/libv5rt.a(vex_distance.cpp.obj)
                0x00000000038055a0                vex::distance::~distance()
 .text._ZN3vex8distance9installedEv
                0x00000000038055bc       0x18 /Users/henrytran/Library/Application Support/Code/User/globalStorage/vexrobotics.vexcode/sdk/cpp/V5/V5_20240802_15_00_00/vexv5/libv5rt.a(vex_distance.cpp.obj)
                0x00000000038055bc                vex::distance::installed()
 .text._ZN3vex8distance5valueEv
                0x00000000038055d4        0x8 /Users/henrytran/Library/Application Support/Code/User/globalStorage/vexrobotics.vexcode/sdk/cpp/V5/V5_20240802_15_00_00/vexv5/libv5rt.a(vex_distance.cpp.obj)
                0x00000000038055d4                vex::distance::value()
 .text._ZN3vex8distanceC2El
                0x00000000038055dc       0x20 /Users/henrytran/Library/Application Support/Code/User/globalStorage/vexrobotics.vexcode/sdk/cpp/V5/V5_20240802_15_00_00/vexv5/libv5rt.a(vex_distance.cpp.obj)
                0x00000000038055dc                vex::distance::distance(long)
                0x00000000038055dc                vex::distance::distance(long)
 *fill*         0x00000000038055fc        0x4 
 .text._ZN3vex8distance16isObjectDetectedEv
                0x0000000003805600       0x80 /Users/henrytran/Library/Application Support/Code/User/globalStorage/vexrobotics.vexcode/sdk/cpp/V5/V5_20240802_15_00_00/vexv5/libv5rt.a(vex_distance.cpp.obj)
                0x0000000003805600                vex::distance::isObjectDetected()
 .text._ZN3vex10controllerD2Ev
                0x0000000003805680        0x4 /Users/henrytran/Library/Application Support/Code/User/globalStorage/vexrobotics.vexcode/sdk/cpp/V5/V5_20240802_15_00_00/vexv5/libv5rt.a(vex_controller.cpp.obj)
                0x0000000003805680                vex::controller::~controller()
                0x0000000003805680                vex::controller::~controller()
 .text._ZN3vex10controller5valueE19_V5_ControllerIndex
                0x0000000003805684        0x8 /Users/henrytran/Library/Application Support/Code/User/globalStorage/vexrobotics.vexcode/sdk/cpp/V5/V5_20240802_15_00_00/vexv5/libv5rt.a(vex_controller.cpp.obj)
                0x0000000003805684                vex::controller::value(_V5_ControllerIndex)
 .text._ZN3vex10controller6rumbleEPKc
                0x000000000380568c       0x4c /Users/henrytran/Library/Application Support/Code/User/globalStorage/vexrobotics.vexcode/sdk/cpp/V5/V5_20240802_15_00_00/vexv5/libv5rt.a(vex_controller.cpp.obj)
                0x000000000380568c                vex::controller::rumble(char const*)
 .text._ZNK3vex10controller6button8pressingEv
                0x00000000038056d8       0xc8 /Users/henrytran/Library/Application Support/Code/User/globalStorage/vexrobotics.vexcode/sdk/cpp/V5/V5_20240802_15_00_00/vexv5/libv5rt.a(vex_controller.cpp.obj)
                0x00000000038056d8                vex::controller::button::pressing() const
 .text._ZNK3vex10controller6button21_buttonToPressedEventEv
                0x00000000038057a0       0x20 /Users/henrytran/Library/Application Support/Code/User/globalStorage/vexrobotics.vexcode/sdk/cpp/V5/V5_20240802_15_00_00/vexv5/libv5rt.a(vex_controller.cpp.obj)
                0x00000000038057a0                vex::controller::button::_buttonToPressedEvent() const
 .text._ZNK3vex10controller6button22_buttonToReleasedEventEv
                0x00000000038057c0       0x20 /Users/henrytran/Library/Application Support/Code/User/globalStorage/vexrobotics.vexcode/sdk/cpp/V5/V5_20240802_15_00_00/vexv5/libv5rt.a(vex_controller.cpp.obj)
                0x00000000038057c0                vex::controller::button::_buttonToReleasedEvent() const
 .text._ZN3vex10controller6buttonC2ENS0_11tButtonTypeEPS0_
                0x00000000038057e0       0x48 /Users/henrytran/Library/Application Support/Code/User/globalStorage/vexrobotics.vexcode/sdk/cpp/V5/V5_20240802_15_00_00/vexv5/libv5rt.a(vex_controller.cpp.obj)
                0x00000000038057e0                vex::controller::button::button(vex::controller::tButtonType, vex::controller*)
                0x00000000038057e0                vex::controller::button::button(vex::controller::tButtonType, vex::controller*)
 .text._ZNK3vex10controller4axis5valueEv
                0x0000000003805828       0x58 /Users/henrytran/Library/Application Support/Code/User/globalStorage/vexrobotics.vexcode/sdk/cpp/V5/V5_20240802_15_00_00/vexv5/libv5rt.a(vex_controller.cpp.obj)
                0x0000000003805828                vex::controller::axis::value() const
 .text._ZNK3vex10controller4axis8positionENS_12percentUnitsE
                0x0000000003805880       0x1c /Users/henrytran/Library/Application Support/Code/User/globalStorage/vexrobotics.vexcode/sdk/cpp/V5/V5_20240802_15_00_00/vexv5/libv5rt.a(vex_controller.cpp.obj)
                0x0000000003805880                vex::controller::axis::position(vex::percentUnits) const
 .text._ZNK3vex10controller4axis23_joystickToChangedEventEv
                0x000000000380589c       0x20 /Users/henrytran/Library/Application Support/Code/User/globalStorage/vexrobotics.vexcode/sdk/cpp/V5/V5_20240802_15_00_00/vexv5/libv5rt.a(vex_controller.cpp.obj)
                0x000000000380589c                vex::controller::axis::_joystickToChangedEvent() const
 .text._ZN3vex10controller4axisC2ENS0_9tAxisTypeEPS0_
                0x00000000038058bc       0x2c /Users/henrytran/Library/Application Support/Code/User/globalStorage/vexrobotics.vexcode/sdk/cpp/V5/V5_20240802_15_00_00/vexv5/libv5rt.a(vex_controller.cpp.obj)
                0x00000000038058bc                vex::controller::axis::axis(vex::controller::tAxisType, vex::controller*)
                0x00000000038058bc                vex::controller::axis::axis(vex::controller::tAxisType, vex::controller*)
 .text._ZN3vex10controllerC2ENS_14controllerTypeE
                0x00000000038058e8      0x16c /Users/henrytran/Library/Application Support/Code/User/globalStorage/vexrobotics.vexcode/sdk/cpp/V5/V5_20240802_15_00_00/vexv5/libv5rt.a(vex_controller.cpp.obj)
                0x00000000038058e8                vex::controller::controller(vex::controllerType)
                0x00000000038058e8                vex::controller::controller(vex::controllerType)
 .text._ZN3vex10controller3lcd15getControllerIdEv
                0x0000000003805a54       0x10 /Users/henrytran/Library/Application Support/Code/User/globalStorage/vexrobotics.vexcode/sdk/cpp/V5/V5_20240802_15_00_00/vexv5/libv5rt.a(vex_controller.cpp.obj)
                0x0000000003805a54                vex::controller::lcd::getControllerId()
 .text._ZN3vex10controller3lcd9setCursorEll
                0x0000000003805a64       0x40 /Users/henrytran/Library/Application Support/Code/User/globalStorage/vexrobotics.vexcode/sdk/cpp/V5/V5_20240802_15_00_00/vexv5/libv5rt.a(vex_controller.cpp.obj)
                0x0000000003805a64                vex::controller::lcd::setCursor(long, long)
 .text._ZN3vex10controller3lcd5printEPKcz
                0x0000000003805aa4       0x80 /Users/henrytran/Library/Application Support/Code/User/globalStorage/vexrobotics.vexcode/sdk/cpp/V5/V5_20240802_15_00_00/vexv5/libv5rt.a(vex_controller.cpp.obj)
                0x0000000003805aa4                vex::controller::lcd::print(char const*, ...)
 .text._ZN3vex10controller3lcd9clearLineEi
                0x0000000003805b24       0x80 /Users/henrytran/Library/Application Support/Code/User/globalStorage/vexrobotics.vexcode/sdk/cpp/V5/V5_20240802_15_00_00/vexv5/libv5rt.a(vex_controller.cpp.obj)
                0x0000000003805b24                vex::controller::lcd::clearLine(int)
 .text._ZN3vex10controller3lcd11clearScreenEv
                0x0000000003805ba4       0x5c /Users/henrytran/Library/Application Support/Code/User/globalStorage/vexrobotics.vexcode/sdk/cpp/V5/V5_20240802_15_00_00/vexv5/libv5rt.a(vex_controller.cpp.obj)
                0x0000000003805ba4                vex::controller::lcd::clearScreen()
 .text._ZN3vex4taskC2EPFivE
                0x0000000003805c00       0x5c /Users/henrytran/Library/Application Support/Code/User/globalStorage/vexrobotics.vexcode/sdk/cpp/V5/V5_20240802_15_00_00/vexv5/libv5rt.a(vex_task.cpp.obj)
                0x0000000003805c00                vex::task::task(int (*)())
                0x0000000003805c00                vex::task::task(int (*)())
 .text._ZN3vex4taskD2Ev
                0x0000000003805c5c        0x4 /Users/henrytran/Library/Application Support/Code/User/globalStorage/vexrobotics.vexcode/sdk/cpp/V5/V5_20240802_15_00_00/vexv5/libv5rt.a(vex_task.cpp.obj)
                0x0000000003805c5c                vex::task::~task()
                0x0000000003805c5c                vex::task::~task()
 .text._ZN3vex4task4stopEPvi
                0x0000000003805c60       0x1c /Users/henrytran/Library/Application Support/Code/User/globalStorage/vexrobotics.vexcode/sdk/cpp/V5/V5_20240802_15_00_00/vexv5/libv5rt.a(vex_task.cpp.obj)
                0x0000000003805c60                vex::task::stop(void*, int)
 .text._ZN3vex4task5sleepEm
                0x0000000003805c7c        0x4 /Users/henrytran/Library/Application Support/Code/User/globalStorage/vexrobotics.vexcode/sdk/cpp/V5/V5_20240802_15_00_00/vexv5/libv5rt.a(vex_task.cpp.obj)
                0x0000000003805c7c                vex::task::sleep(unsigned long)
 .text._ZN3vex4task6_indexEPFivE
                0x0000000003805c80       0x14 /Users/henrytran/Library/Application Support/Code/User/globalStorage/vexrobotics.vexcode/sdk/cpp/V5/V5_20240802_15_00_00/vexv5/libv5rt.a(vex_task.cpp.obj)
                0x0000000003805c80                vex::task::_index(int (*)())
 .text._ZN3vex4task8_stopAllEv
                0x0000000003805c94       0x3c /Users/henrytran/Library/Application Support/Code/User/globalStorage/vexrobotics.vexcode/sdk/cpp/V5/V5_20240802_15_00_00/vexv5/libv5rt.a(vex_task.cpp.obj)
                0x0000000003805c94                vex::task::_stopAll()
 .text._ZN3vex11this_thread9sleep_forEm
                0x0000000003805cd0        0x4 /Users/henrytran/Library/Application Support/Code/User/globalStorage/vexrobotics.vexcode/sdk/cpp/V5/V5_20240802_15_00_00/vexv5/libv5rt.a(vex_thread.cpp.obj)
                0x0000000003805cd0                vex::this_thread::sleep_for(unsigned long)
 .text._ZN3vex5event4initEmmPFvvE
                0x0000000003805cd4        0x4 /Users/henrytran/Library/Application Support/Code/User/globalStorage/vexrobotics.vexcode/sdk/cpp/V5/V5_20240802_15_00_00/vexv5/libv5rt.a(vex_event.cpp.obj)
                0x0000000003805cd4                vex::event::init(unsigned long, unsigned long, void (*)())
 .text._ZN3vex5event4initEmmPFvPvES1_
                0x0000000003805cd8        0x4 /Users/henrytran/Library/Application Support/Code/User/globalStorage/vexrobotics.vexcode/sdk/cpp/V5/V5_20240802_15_00_00/vexv5/libv5rt.a(vex_event.cpp.obj)
                0x0000000003805cd8                vex::event::init(unsigned long, unsigned long, void (*)(void*), void*)
 .text._ZN3vex5event9userindexEv
                0x0000000003805cdc        0x4 /Users/henrytran/Library/Application Support/Code/User/globalStorage/vexrobotics.vexcode/sdk/cpp/V5/V5_20240802_15_00_00/vexv5/libv5rt.a(vex_event.cpp.obj)
                0x0000000003805cdc                vex::event::userindex()
 .text._ZZN3vex6meventC4EmmENUlvE_4_FUNEv
                0x0000000003805ce0        0x4 /Users/henrytran/Library/Application Support/Code/User/globalStorage/vexrobotics.vexcode/sdk/cpp/V5/V5_20240802_15_00_00/vexv5/libv5rt.a(vex_mevent.cpp.obj)
 .text._ZN3vex6meventC2Emm
                0x0000000003805ce4       0x70 /Users/henrytran/Library/Application Support/Code/User/globalStorage/vexrobotics.vexcode/sdk/cpp/V5/V5_20240802_15_00_00/vexv5/libv5rt.a(vex_mevent.cpp.obj)
                0x0000000003805ce4                vex::mevent::mevent(unsigned long, unsigned long)
                0x0000000003805ce4                vex::mevent::mevent(unsigned long, unsigned long)
 .text._ZN3vex5brain9_getIndexEv
                0x0000000003805d54       0x10 /Users/henrytran/Library/Application Support/Code/User/globalStorage/vexrobotics.vexcode/sdk/cpp/V5/V5_20240802_15_00_00/vexv5/libv5rt.a(vex_brain.cpp.obj)
                0x0000000003805d54                vex::brain::_getIndex()
 .text._ZN3vex5brain3lcd9setCursorEll
                0x0000000003805d64       0x44 /Users/henrytran/Library/Application Support/Code/User/globalStorage/vexrobotics.vexcode/sdk/cpp/V5/V5_20240802_15_00_00/vexv5/libv5rt.a(vex_brain.cpp.obj)
                0x0000000003805d64                vex::brain::lcd::setCursor(long, long)
 .text._ZN3vex5brain3lcd7setFontENS_8fontTypeE
                0x0000000003805da8      0x23c /Users/henrytran/Library/Application Support/Code/User/globalStorage/vexrobotics.vexcode/sdk/cpp/V5/V5_20240802_15_00_00/vexv5/libv5rt.a(vex_brain.cpp.obj)
                0x0000000003805da8                vex::brain::lcd::setFont(vex::fontType)
 .text._ZN3vex5brain3lcdC2Ev
                0x0000000003805fe4       0x94 /Users/henrytran/Library/Application Support/Code/User/globalStorage/vexrobotics.vexcode/sdk/cpp/V5/V5_20240802_15_00_00/vexv5/libv5rt.a(vex_brain.cpp.obj)
                0x0000000003805fe4                vex::brain::lcd::lcd()
                0x0000000003805fe4                vex::brain::lcd::lcd()
 .text._ZN3vex5brainC2Ev
                0x0000000003806078       0x3c /Users/henrytran/Library/Application Support/Code/User/globalStorage/vexrobotics.vexcode/sdk/cpp/V5/V5_20240802_15_00_00/vexv5/libv5rt.a(vex_brain.cpp.obj)
                0x0000000003806078                vex::brain::brain()
                0x0000000003806078                vex::brain::brain()
 .text._ZN3vex5brain3lcd12_clearScreenEm
                0x00000000038060b4       0x38 /Users/henrytran/Library/Application Support/Code/User/globalStorage/vexrobotics.vexcode/sdk/cpp/V5/V5_20240802_15_00_00/vexv5/libv5rt.a(vex_brain.cpp.obj)
                0x00000000038060b4                vex::brain::lcd::_clearScreen(unsigned long)
 .text._ZN3vex5brain3lcd11clearScreenERKNS_5colorE
                0x00000000038060ec       0x20 /Users/henrytran/Library/Application Support/Code/User/globalStorage/vexrobotics.vexcode/sdk/cpp/V5/V5_20240802_15_00_00/vexv5/libv5rt.a(vex_brain.cpp.obj)
                0x00000000038060ec                vex::brain::lcd::clearScreen(vex::color const&)
 .text._ZN3vex5brain3lcd11clearScreenEv
                0x000000000380610c       0x2c /Users/henrytran/Library/Application Support/Code/User/globalStorage/vexrobotics.vexcode/sdk/cpp/V5/V5_20240802_15_00_00/vexv5/libv5rt.a(vex_brain.cpp.obj)
                0x000000000380610c                vex::brain::lcd::clearScreen()
 .text._ZN3vex5brain3lcd10rowToPixelEl
                0x0000000003806138       0x34 /Users/henrytran/Library/Application Support/Code/User/globalStorage/vexrobotics.vexcode/sdk/cpp/V5/V5_20240802_15_00_00/vexv5/libv5rt.a(vex_brain.cpp.obj)
                0x0000000003806138                vex::brain::lcd::rowToPixel(long)
 .text._ZN3vex5brain3lcd9clearLineEi
                0x000000000380616c       0x5c /Users/henrytran/Library/Application Support/Code/User/globalStorage/vexrobotics.vexcode/sdk/cpp/V5/V5_20240802_15_00_00/vexv5/libv5rt.a(vex_brain.cpp.obj)
                0x000000000380616c                vex::brain::lcd::clearLine(int)
 .text._ZN3vex5brain3lcd5printEPKcz
                0x00000000038061c8       0xb8 /Users/henrytran/Library/Application Support/Code/User/globalStorage/vexrobotics.vexcode/sdk/cpp/V5/V5_20240802_15_00_00/vexv5/libv5rt.a(vex_brain.cpp.obj)
                0x00000000038061c8                vex::brain::lcd::print(char const*, ...)
 .text._ZN3vex5brain7battery7voltageENS_12voltageUnitsE
                0x0000000003806280       0x30 /Users/henrytran/Library/Application Support/Code/User/globalStorage/vexrobotics.vexcode/sdk/cpp/V5/V5_20240802_15_00_00/vexv5/libv5rt.a(vex_brain.cpp.obj)
                0x0000000003806280                vex::brain::battery::voltage(vex::voltageUnits)
 .text._ZN3vex5brain7battery7currentENS_12currentUnitsE
                0x00000000038062b0       0x30 /Users/henrytran/Library/Application Support/Code/User/globalStorage/vexrobotics.vexcode/sdk/cpp/V5/V5_20240802_15_00_00/vexv5/libv5rt.a(vex_brain.cpp.obj)
                0x00000000038062b0                vex::brain::battery::current(vex::currentUnits)
 .text._ZN3vex5brainD2Ev
                0x00000000038062e0       0x20 /Users/henrytran/Library/Application Support/Code/User/globalStorage/vexrobotics.vexcode/sdk/cpp/V5/V5_20240802_15_00_00/vexv5/libv5rt.a(vex_brain.cpp.obj)
                0x00000000038062e0                vex::brain::~brain()
                0x00000000038062e0                vex::brain::~brain()
 .text._ZN3vex11competition8_disableEPv
                0x0000000003806300       0xa4 /Users/henrytran/Library/Application Support/Code/User/globalStorage/vexrobotics.vexcode/sdk/cpp/V5/V5_20240802_15_00_00/vexv5/libv5rt.a(vex_competition.cpp.obj)
                0x0000000003806300                vex::competition::_disable(void*)
 .text._ZN3vex11competition11_autonomousEv
                0x00000000038063a4       0x80 /Users/henrytran/Library/Application Support/Code/User/globalStorage/vexrobotics.vexcode/sdk/cpp/V5/V5_20240802_15_00_00/vexv5/libv5rt.a(vex_competition.cpp.obj)
                0x00000000038063a4                vex::competition::_autonomous()
 .text._ZN3vex11competition14_drivercontrolEv
                0x0000000003806424       0x80 /Users/henrytran/Library/Application Support/Code/User/globalStorage/vexrobotics.vexcode/sdk/cpp/V5/V5_20240802_15_00_00/vexv5/libv5rt.a(vex_competition.cpp.obj)
                0x0000000003806424                vex::competition::_drivercontrol()
 .text._ZN3vex11competitionC2Ev
                0x00000000038064a4      0x13c /Users/henrytran/Library/Application Support/Code/User/globalStorage/vexrobotics.vexcode/sdk/cpp/V5/V5_20240802_15_00_00/vexv5/libv5rt.a(vex_competition.cpp.obj)
                0x00000000038064a4                vex::competition::competition()
                0x00000000038064a4                vex::competition::competition()
 .text._ZN3vex11competitionD2Ev
                0x00000000038065e0        0x4 /Users/henrytran/Library/Application Support/Code/User/globalStorage/vexrobotics.vexcode/sdk/cpp/V5/V5_20240802_15_00_00/vexv5/libv5rt.a(vex_competition.cpp.obj)
                0x00000000038065e0                vex::competition::~competition()
                0x00000000038065e0                vex::competition::~competition()
 .text._ZN3vex11competition10autonomousEPFvvE
                0x00000000038065e4       0x44 /Users/henrytran/Library/Application Support/Code/User/globalStorage/vexrobotics.vexcode/sdk/cpp/V5/V5_20240802_15_00_00/vexv5/libv5rt.a(vex_competition.cpp.obj)
                0x00000000038065e4                vex::competition::autonomous(void (*)())
 .text._ZN3vex11competition13drivercontrolEPFvvE
                0x0000000003806628       0x44 /Users/henrytran/Library/Application Support/Code/User/globalStorage/vexrobotics.vexcode/sdk/cpp/V5/V5_20240802_15_00_00/vexv5/libv5rt.a(vex_competition.cpp.obj)
                0x0000000003806628                vex::competition::drivercontrol(void (*)())
 .text._ZN3vex7triportD2Ev
                0x000000000380666c       0x38 /Users/henrytran/Library/Application Support/Code/User/globalStorage/vexrobotics.vexcode/sdk/cpp/V5/V5_20240802_15_00_00/vexv5/libv5rt.a(vex_triport.cpp.obj)
                0x000000000380666c                vex::triport::~triport()
                0x000000000380666c                vex::triport::~triport()
 .text._ZN3vex7triportD0Ev
                0x00000000038066a4       0x1c /Users/henrytran/Library/Application Support/Code/User/globalStorage/vexrobotics.vexcode/sdk/cpp/V5/V5_20240802_15_00_00/vexv5/libv5rt.a(vex_triport.cpp.obj)
                0x00000000038066a4                vex::triport::~triport()
 .text._ZN3vex7triport9installedEv
                0x00000000038066c0       0x18 /Users/henrytran/Library/Application Support/Code/User/globalStorage/vexrobotics.vexcode/sdk/cpp/V5/V5_20240802_15_00_00/vexv5/libv5rt.a(vex_triport.cpp.obj)
                0x00000000038066c0                vex::triport::installed()
 .text._ZN3vex7triport4portC2ElPS0_
                0x00000000038066d8       0x74 /Users/henrytran/Library/Application Support/Code/User/globalStorage/vexrobotics.vexcode/sdk/cpp/V5/V5_20240802_15_00_00/vexv5/libv5rt.a(vex_triport.cpp.obj)
                0x00000000038066d8                vex::triport::port::port(long, vex::triport*)
                0x00000000038066d8                vex::triport::port::port(long, vex::triport*)
 .text._ZN3vex7triportC2El
                0x000000000380674c       0xf0 /Users/henrytran/Library/Application Support/Code/User/globalStorage/vexrobotics.vexcode/sdk/cpp/V5/V5_20240802_15_00_00/vexv5/libv5rt.a(vex_triport.cpp.obj)
                0x000000000380674c                vex::triport::triport(long)
                0x000000000380674c                vex::triport::triport(long)
 .text._ZN3vex7triport4port4typeENS_11triportTypeE
                0x000000000380683c       0x30 /Users/henrytran/Library/Application Support/Code/User/globalStorage/vexrobotics.vexcode/sdk/cpp/V5/V5_20240802_15_00_00/vexv5/libv5rt.a(vex_triport.cpp.obj)
                0x000000000380683c                vex::triport::port::type(vex::triportType)
 .text._ZN3vex7triport4port4typeEv
                0x000000000380686c       0x38 /Users/henrytran/Library/Application Support/Code/User/globalStorage/vexrobotics.vexcode/sdk/cpp/V5/V5_20240802_15_00_00/vexv5/libv5rt.a(vex_triport.cpp.obj)
                0x000000000380686c                vex::triport::port::type()
 .text._ZN3vex7triport4port5valueEl
                0x00000000038068a4       0x18 /Users/henrytran/Library/Application Support/Code/User/globalStorage/vexrobotics.vexcode/sdk/cpp/V5/V5_20240802_15_00_00/vexv5/libv5rt.a(vex_triport.cpp.obj)
                0x00000000038068a4                vex::triport::port::value(long)
 .text._ZN3vex11__trideviceC2ERNS_7triport4portENS_11triportTypeE
                0x00000000038068bc       0x5c /Users/henrytran/Library/Application Support/Code/User/globalStorage/vexrobotics.vexcode/sdk/cpp/V5/V5_20240802_15_00_00/vexv5/libv5rt.a(vex_triport.cpp.obj)
                0x00000000038068bc                vex::__tridevice::__tridevice(vex::triport::port&, vex::triportType)
                0x00000000038068bc                vex::__tridevice::__tridevice(vex::triport::port&, vex::triportType)
 .text._ZN3vex11digital_outC2ERNS_7triport4portE
                0x0000000003806918       0x18 /Users/henrytran/Library/Application Support/Code/User/globalStorage/vexrobotics.vexcode/sdk/cpp/V5/V5_20240802_15_00_00/vexv5/libv5rt.a(vex_triport.cpp.obj)
                0x0000000003806918                vex::digital_out::digital_out(vex::triport::port&)
                0x0000000003806918                vex::digital_out::digital_out(vex::triport::port&)
 .text._ZN3vex11digital_outD2Ev
                0x0000000003806930        0x4 /Users/henrytran/Library/Application Support/Code/User/globalStorage/vexrobotics.vexcode/sdk/cpp/V5/V5_20240802_15_00_00/vexv5/libv5rt.a(vex_triport.cpp.obj)
                0x0000000003806930                vex::digital_out::~digital_out()
                0x0000000003806930                vex::digital_out::~digital_out()
 .text._ZN3vex11digital_out3setEb
                0x0000000003806934        0x8 /Users/henrytran/Library/Application Support/Code/User/globalStorage/vexrobotics.vexcode/sdk/cpp/V5/V5_20240802_15_00_00/vexv5/libv5rt.a(vex_triport.cpp.obj)
                0x0000000003806934                vex::digital_out::set(bool)
 .text._ZN3vex5colorD2Ev
                0x000000000380693c        0x4 /Users/henrytran/Library/Application Support/Code/User/globalStorage/vexrobotics.vexcode/sdk/cpp/V5/V5_20240802_15_00_00/vexv5/libv5rt.a(vex_color.cpp.obj)
                0x000000000380693c                vex::color::~color()
                0x000000000380693c                vex::color::~color()
 .text._ZNK3vex5colorcvmEv
                0x0000000003806940        0x8 /Users/henrytran/Library/Application Support/Code/User/globalStorage/vexrobotics.vexcode/sdk/cpp/V5/V5_20240802_15_00_00/vexv5/libv5rt.a(vex_color.cpp.obj)
                0x0000000003806940                vex::color::operator unsigned long() const
 .text.startup._GLOBAL__sub_I__ZN3vex5color5blackE
                0x0000000003806948      0x164 /Users/henrytran/Library/Application Support/Code/User/globalStorage/vexrobotics.vexcode/sdk/cpp/V5/V5_20240802_15_00_00/vexv5/libv5rt.a(vex_color.cpp.obj)
 .text._ZN3vex5timerD2Ev
                0x0000000003806aac        0x4 /Users/henrytran/Library/Application Support/Code/User/globalStorage/vexrobotics.vexcode/sdk/cpp/V5/V5_20240802_15_00_00/vexv5/libv5rt.a(vex_timer.cpp.obj)
                0x0000000003806aac                vex::timer::~timer()
                0x0000000003806aac                vex::timer::~timer()
 .text._ZN3vex5timer5clearEv
                0x0000000003806ab0       0x1c /Users/henrytran/Library/Application Support/Code/User/globalStorage/vexrobotics.vexcode/sdk/cpp/V5/V5_20240802_15_00_00/vexv5/libv5rt.a(vex_timer.cpp.obj)
                0x0000000003806ab0                vex::timer::clear()
 .text._ZN3vex5timerC2Ev
                0x0000000003806acc       0x14 /Users/henrytran/Library/Application Support/Code/User/globalStorage/vexrobotics.vexcode/sdk/cpp/V5/V5_20240802_15_00_00/vexv5/libv5rt.a(vex_timer.cpp.obj)
                0x0000000003806acc                vex::timer::timer()
                0x0000000003806acc                vex::timer::timer()
 .text._ZN3vex5timer5resetEv
                0x0000000003806ae0        0x4 /Users/henrytran/Library/Application Support/Code/User/globalStorage/vexrobotics.vexcode/sdk/cpp/V5/V5_20240802_15_00_00/vexv5/libv5rt.a(vex_timer.cpp.obj)
                0x0000000003806ae0                vex::timer::reset()
 *fill*         0x0000000003806ae4        0x4 
 .text._ZNK3vex5timer4timeENS_9timeUnitsE
                0x0000000003806ae8       0x40 /Users/henrytran/Library/Application Support/Code/User/globalStorage/vexrobotics.vexcode/sdk/cpp/V5/V5_20240802_15_00_00/vexv5/libv5rt.a(vex_timer.cpp.obj)
                0x0000000003806ae8                vex::timer::time(vex::timeUnits) const
 .text._ZN3vex5timer20systemHighResolutionEv
                0x0000000003806b28        0x4 /Users/henrytran/Library/Application Support/Code/User/globalStorage/vexrobotics.vexcode/sdk/cpp/V5/V5_20240802_15_00_00/vexv5/libv5rt.a(vex_timer.cpp.obj)
                0x0000000003806b28                vex::timer::systemHighResolution()
 .text._ZN3vex11motor_group18motor_group_motorsC2Ev